v SYNTHETIC
# Synthetic Silvaco-SSF-style structure file for the Allpix Squared mesh converter.
# 2D LGAD-like cross section, arbitrary values, no proprietary content.
# Records: c = coordinate (id x y z), s = solution spec, n = nodal values.
c 1 0.000000 0.000000 0
c 2 2.000000 0.000000 0
c 3 4.000000 0.000000 0
c 4 6.000000 0.000000 0
c 5 8.000000 0.000000 0
c 6 10.000000 0.000000 0
c 7 12.000000 0.000000 0
c 8 14.000000 0.000000 0
c 9 16.000000 0.000000 0
c 10 18.000000 0.000000 0
c 11 20.000000 0.000000 0
c 12 22.000000 0.000000 0
c 13 24.000000 0.000000 0
c 14 26.000000 0.000000 0
c 15 28.000000 0.000000 0
c 16 30.000000 0.000000 0
c 17 32.000000 0.000000 0
c 18 34.000000 0.000000 0
c 19 36.000000 0.000000 0
c 20 38.000000 0.000000 0
c 21 40.000000 0.000000 0
c 22 42.000000 0.000000 0
c 23 44.000000 0.000000 0
c 24 46.000000 0.000000 0
c 25 48.000000 0.000000 0
c 26 50.000000 0.000000 0
c 27 0.000000 2.000000 0
c 28 2.000000 2.000000 0
c 29 4.000000 2.000000 0
c 30 6.000000 2.000000 0
c 31 8.000000 2.000000 0
c 32 10.000000 2.000000 0
c 33 12.000000 2.000000 0
c 34 14.000000 2.000000 0
c 35 16.000000 2.000000 0
c 36 18.000000 2.000000 0
c 37 20.000000 2.000000 0
c 38 22.000000 2.000000 0
c 39 24.000000 2.000000 0
c 40 26.000000 2.000000 0
c 41 28.000000 2.000000 0
c 42 30.000000 2.000000 0
c 43 32.000000 2.000000 0
c 44 34.000000 2.000000 0
c 45 36.000000 2.000000 0
c 46 38.000000 2.000000 0
c 47 40.000000 2.000000 0
c 48 42.000000 2.000000 0
c 49 44.000000 2.000000 0
c 50 46.000000 2.000000 0
c 51 48.000000 2.000000 0
c 52 50.000000 2.000000 0
c 53 0.000000 4.000000 0
c 54 2.000000 4.000000 0
c 55 4.000000 4.000000 0
c 56 6.000000 4.000000 0
c 57 8.000000 4.000000 0
c 58 10.000000 4.000000 0
c 59 12.000000 4.000000 0
c 60 14.000000 4.000000 0
c 61 16.000000 4.000000 0
c 62 18.000000 4.000000 0
c 63 20.000000 4.000000 0
c 64 22.000000 4.000000 0
c 65 24.000000 4.000000 0
c 66 26.000000 4.000000 0
c 67 28.000000 4.000000 0
c 68 30.000000 4.000000 0
c 69 32.000000 4.000000 0
c 70 34.000000 4.000000 0
c 71 36.000000 4.000000 0
c 72 38.000000 4.000000 0
c 73 40.000000 4.000000 0
c 74 42.000000 4.000000 0
c 75 44.000000 4.000000 0
c 76 46.000000 4.000000 0
c 77 48.000000 4.000000 0
c 78 50.000000 4.000000 0
c 79 0.000000 6.000000 0
c 80 2.000000 6.000000 0
c 81 4.000000 6.000000 0
c 82 6.000000 6.000000 0
c 83 8.000000 6.000000 0
c 84 10.000000 6.000000 0
c 85 12.000000 6.000000 0
c 86 14.000000 6.000000 0
c 87 16.000000 6.000000 0
c 88 18.000000 6.000000 0
c 89 20.000000 6.000000 0
c 90 22.000000 6.000000 0
c 91 24.000000 6.000000 0
c 92 26.000000 6.000000 0
c 93 28.000000 6.000000 0
c 94 30.000000 6.000000 0
c 95 32.000000 6.000000 0
c 96 34.000000 6.000000 0
c 97 36.000000 6.000000 0
c 98 38.000000 6.000000 0
c 99 40.000000 6.000000 0
c 100 42.000000 6.000000 0
c 101 44.000000 6.000000 0
c 102 46.000000 6.000000 0
c 103 48.000000 6.000000 0
c 104 50.000000 6.000000 0
c 105 0.000000 8.000000 0
c 106 2.000000 8.000000 0
c 107 4.000000 8.000000 0
c 108 6.000000 8.000000 0
c 109 8.000000 8.000000 0
c 110 10.000000 8.000000 0
c 111 12.000000 8.000000 0
c 112 14.000000 8.000000 0
c 113 16.000000 8.000000 0
c 114 18.000000 8.000000 0
c 115 20.000000 8.000000 0
c 116 22.000000 8.000000 0
c 117 24.000000 8.000000 0
c 118 26.000000 8.000000 0
c 119 28.000000 8.000000 0
c 120 30.000000 8.000000 0
c 121 32.000000 8.000000 0
c 122 34.000000 8.000000 0
c 123 36.000000 8.000000 0
c 124 38.000000 8.000000 0
c 125 40.000000 8.000000 0
c 126 42.000000 8.000000 0
c 127 44.000000 8.000000 0
c 128 46.000000 8.000000 0
c 129 48.000000 8.000000 0
c 130 50.000000 8.000000 0
c 131 0.000000 10.000000 0
c 132 2.000000 10.000000 0
c 133 4.000000 10.000000 0
c 134 6.000000 10.000000 0
c 135 8.000000 10.000000 0
c 136 10.000000 10.000000 0
c 137 12.000000 10.000000 0
c 138 14.000000 10.000000 0
c 139 16.000000 10.000000 0
c 140 18.000000 10.000000 0
c 141 20.000000 10.000000 0
c 142 22.000000 10.000000 0
c 143 24.000000 10.000000 0
c 144 26.000000 10.000000 0
c 145 28.000000 10.000000 0
c 146 30.000000 10.000000 0
c 147 32.000000 10.000000 0
c 148 34.000000 10.000000 0
c 149 36.000000 10.000000 0
c 150 38.000000 10.000000 0
c 151 40.000000 10.000000 0
c 152 42.000000 10.000000 0
c 153 44.000000 10.000000 0
c 154 46.000000 10.000000 0
c 155 48.000000 10.000000 0
c 156 50.000000 10.000000 0
c 157 0.000000 12.000000 0
c 158 2.000000 12.000000 0
c 159 4.000000 12.000000 0
c 160 6.000000 12.000000 0
c 161 8.000000 12.000000 0
c 162 10.000000 12.000000 0
c 163 12.000000 12.000000 0
c 164 14.000000 12.000000 0
c 165 16.000000 12.000000 0
c 166 18.000000 12.000000 0
c 167 20.000000 12.000000 0
c 168 22.000000 12.000000 0
c 169 24.000000 12.000000 0
c 170 26.000000 12.000000 0
c 171 28.000000 12.000000 0
c 172 30.000000 12.000000 0
c 173 32.000000 12.000000 0
c 174 34.000000 12.000000 0
c 175 36.000000 12.000000 0
c 176 38.000000 12.000000 0
c 177 40.000000 12.000000 0
c 178 42.000000 12.000000 0
c 179 44.000000 12.000000 0
c 180 46.000000 12.000000 0
c 181 48.000000 12.000000 0
c 182 50.000000 12.000000 0
c 183 0.000000 14.000000 0
c 184 2.000000 14.000000 0
c 185 4.000000 14.000000 0
c 186 6.000000 14.000000 0
c 187 8.000000 14.000000 0
c 188 10.000000 14.000000 0
c 189 12.000000 14.000000 0
c 190 14.000000 14.000000 0
c 191 16.000000 14.000000 0
c 192 18.000000 14.000000 0
c 193 20.000000 14.000000 0
c 194 22.000000 14.000000 0
c 195 24.000000 14.000000 0
c 196 26.000000 14.000000 0
c 197 28.000000 14.000000 0
c 198 30.000000 14.000000 0
c 199 32.000000 14.000000 0
c 200 34.000000 14.000000 0
c 201 36.000000 14.000000 0
c 202 38.000000 14.000000 0
c 203 40.000000 14.000000 0
c 204 42.000000 14.000000 0
c 205 44.000000 14.000000 0
c 206 46.000000 14.000000 0
c 207 48.000000 14.000000 0
c 208 50.000000 14.000000 0
c 209 0.000000 16.000000 0
c 210 2.000000 16.000000 0
c 211 4.000000 16.000000 0
c 212 6.000000 16.000000 0
c 213 8.000000 16.000000 0
c 214 10.000000 16.000000 0
c 215 12.000000 16.000000 0
c 216 14.000000 16.000000 0
c 217 16.000000 16.000000 0
c 218 18.000000 16.000000 0
c 219 20.000000 16.000000 0
c 220 22.000000 16.000000 0
c 221 24.000000 16.000000 0
c 222 26.000000 16.000000 0
c 223 28.000000 16.000000 0
c 224 30.000000 16.000000 0
c 225 32.000000 16.000000 0
c 226 34.000000 16.000000 0
c 227 36.000000 16.000000 0
c 228 38.000000 16.000000 0
c 229 40.000000 16.000000 0
c 230 42.000000 16.000000 0
c 231 44.000000 16.000000 0
c 232 46.000000 16.000000 0
c 233 48.000000 16.000000 0
c 234 50.000000 16.000000 0
c 235 0.000000 18.000000 0
c 236 2.000000 18.000000 0
c 237 4.000000 18.000000 0
c 238 6.000000 18.000000 0
c 239 8.000000 18.000000 0
c 240 10.000000 18.000000 0
c 241 12.000000 18.000000 0
c 242 14.000000 18.000000 0
c 243 16.000000 18.000000 0
c 244 18.000000 18.000000 0
c 245 20.000000 18.000000 0
c 246 22.000000 18.000000 0
c 247 24.000000 18.000000 0
c 248 26.000000 18.000000 0
c 249 28.000000 18.000000 0
c 250 30.000000 18.000000 0
c 251 32.000000 18.000000 0
c 252 34.000000 18.000000 0
c 253 36.000000 18.000000 0
c 254 38.000000 18.000000 0
c 255 40.000000 18.000000 0
c 256 42.000000 18.000000 0
c 257 44.000000 18.000000 0
c 258 46.000000 18.000000 0
c 259 48.000000 18.000000 0
c 260 50.000000 18.000000 0
c 261 0.000000 20.000000 0
c 262 2.000000 20.000000 0
c 263 4.000000 20.000000 0
c 264 6.000000 20.000000 0
c 265 8.000000 20.000000 0
c 266 10.000000 20.000000 0
c 267 12.000000 20.000000 0
c 268 14.000000 20.000000 0
c 269 16.000000 20.000000 0
c 270 18.000000 20.000000 0
c 271 20.000000 20.000000 0
c 272 22.000000 20.000000 0
c 273 24.000000 20.000000 0
c 274 26.000000 20.000000 0
c 275 28.000000 20.000000 0
c 276 30.000000 20.000000 0
c 277 32.000000 20.000000 0
c 278 34.000000 20.000000 0
c 279 36.000000 20.000000 0
c 280 38.000000 20.000000 0
c 281 40.000000 20.000000 0
c 282 42.000000 20.000000 0
c 283 44.000000 20.000000 0
c 284 46.000000 20.000000 0
c 285 48.000000 20.000000 0
c 286 50.000000 20.000000 0
c 287 0.000000 22.000000 0
c 288 2.000000 22.000000 0
c 289 4.000000 22.000000 0
c 290 6.000000 22.000000 0
c 291 8.000000 22.000000 0
c 292 10.000000 22.000000 0
c 293 12.000000 22.000000 0
c 294 14.000000 22.000000 0
c 295 16.000000 22.000000 0
c 296 18.000000 22.000000 0
c 297 20.000000 22.000000 0
c 298 22.000000 22.000000 0
c 299 24.000000 22.000000 0
c 300 26.000000 22.000000 0
c 301 28.000000 22.000000 0
c 302 30.000000 22.000000 0
c 303 32.000000 22.000000 0
c 304 34.000000 22.000000 0
c 305 36.000000 22.000000 0
c 306 38.000000 22.000000 0
c 307 40.000000 22.000000 0
c 308 42.000000 22.000000 0
c 309 44.000000 22.000000 0
c 310 46.000000 22.000000 0
c 311 48.000000 22.000000 0
c 312 50.000000 22.000000 0
c 313 0.000000 24.000000 0
c 314 2.000000 24.000000 0
c 315 4.000000 24.000000 0
c 316 6.000000 24.000000 0
c 317 8.000000 24.000000 0
c 318 10.000000 24.000000 0
c 319 12.000000 24.000000 0
c 320 14.000000 24.000000 0
c 321 16.000000 24.000000 0
c 322 18.000000 24.000000 0
c 323 20.000000 24.000000 0
c 324 22.000000 24.000000 0
c 325 24.000000 24.000000 0
c 326 26.000000 24.000000 0
c 327 28.000000 24.000000 0
c 328 30.000000 24.000000 0
c 329 32.000000 24.000000 0
c 330 34.000000 24.000000 0
c 331 36.000000 24.000000 0
c 332 38.000000 24.000000 0
c 333 40.000000 24.000000 0
c 334 42.000000 24.000000 0
c 335 44.000000 24.000000 0
c 336 46.000000 24.000000 0
c 337 48.000000 24.000000 0
c 338 50.000000 24.000000 0
c 339 0.000000 26.000000 0
c 340 2.000000 26.000000 0
c 341 4.000000 26.000000 0
c 342 6.000000 26.000000 0
c 343 8.000000 26.000000 0
c 344 10.000000 26.000000 0
c 345 12.000000 26.000000 0
c 346 14.000000 26.000000 0
c 347 16.000000 26.000000 0
c 348 18.000000 26.000000 0
c 349 20.000000 26.000000 0
c 350 22.000000 26.000000 0
c 351 24.000000 26.000000 0
c 352 26.000000 26.000000 0
c 353 28.000000 26.000000 0
c 354 30.000000 26.000000 0
c 355 32.000000 26.000000 0
c 356 34.000000 26.000000 0
c 357 36.000000 26.000000 0
c 358 38.000000 26.000000 0
c 359 40.000000 26.000000 0
c 360 42.000000 26.000000 0
c 361 44.000000 26.000000 0
c 362 46.000000 26.000000 0
c 363 48.000000 26.000000 0
c 364 50.000000 26.000000 0
c 365 0.000000 28.000000 0
c 366 2.000000 28.000000 0
c 367 4.000000 28.000000 0
c 368 6.000000 28.000000 0
c 369 8.000000 28.000000 0
c 370 10.000000 28.000000 0
c 371 12.000000 28.000000 0
c 372 14.000000 28.000000 0
c 373 16.000000 28.000000 0
c 374 18.000000 28.000000 0
c 375 20.000000 28.000000 0
c 376 22.000000 28.000000 0
c 377 24.000000 28.000000 0
c 378 26.000000 28.000000 0
c 379 28.000000 28.000000 0
c 380 30.000000 28.000000 0
c 381 32.000000 28.000000 0
c 382 34.000000 28.000000 0
c 383 36.000000 28.000000 0
c 384 38.000000 28.000000 0
c 385 40.000000 28.000000 0
c 386 42.000000 28.000000 0
c 387 44.000000 28.000000 0
c 388 46.000000 28.000000 0
c 389 48.000000 28.000000 0
c 390 50.000000 28.000000 0
c 391 0.000000 30.000000 0
c 392 2.000000 30.000000 0
c 393 4.000000 30.000000 0
c 394 6.000000 30.000000 0
c 395 8.000000 30.000000 0
c 396 10.000000 30.000000 0
c 397 12.000000 30.000000 0
c 398 14.000000 30.000000 0
c 399 16.000000 30.000000 0
c 400 18.000000 30.000000 0
c 401 20.000000 30.000000 0
c 402 22.000000 30.000000 0
c 403 24.000000 30.000000 0
c 404 26.000000 30.000000 0
c 405 28.000000 30.000000 0
c 406 30.000000 30.000000 0
c 407 32.000000 30.000000 0
c 408 34.000000 30.000000 0
c 409 36.000000 30.000000 0
c 410 38.000000 30.000000 0
c 411 40.000000 30.000000 0
c 412 42.000000 30.000000 0
c 413 44.000000 30.000000 0
c 414 46.000000 30.000000 0
c 415 48.000000 30.000000 0
c 416 50.000000 30.000000 0
c 417 0.000000 32.000000 0
c 418 2.000000 32.000000 0
c 419 4.000000 32.000000 0
c 420 6.000000 32.000000 0
c 421 8.000000 32.000000 0
c 422 10.000000 32.000000 0
c 423 12.000000 32.000000 0
c 424 14.000000 32.000000 0
c 425 16.000000 32.000000 0
c 426 18.000000 32.000000 0
c 427 20.000000 32.000000 0
c 428 22.000000 32.000000 0
c 429 24.000000 32.000000 0
c 430 26.000000 32.000000 0
c 431 28.000000 32.000000 0
c 432 30.000000 32.000000 0
c 433 32.000000 32.000000 0
c 434 34.000000 32.000000 0
c 435 36.000000 32.000000 0
c 436 38.000000 32.000000 0
c 437 40.000000 32.000000 0
c 438 42.000000 32.000000 0
c 439 44.000000 32.000000 0
c 440 46.000000 32.000000 0
c 441 48.000000 32.000000 0
c 442 50.000000 32.000000 0
c 443 0.000000 34.000000 0
c 444 2.000000 34.000000 0
c 445 4.000000 34.000000 0
c 446 6.000000 34.000000 0
c 447 8.000000 34.000000 0
c 448 10.000000 34.000000 0
c 449 12.000000 34.000000 0
c 450 14.000000 34.000000 0
c 451 16.000000 34.000000 0
c 452 18.000000 34.000000 0
c 453 20.000000 34.000000 0
c 454 22.000000 34.000000 0
c 455 24.000000 34.000000 0
c 456 26.000000 34.000000 0
c 457 28.000000 34.000000 0
c 458 30.000000 34.000000 0
c 459 32.000000 34.000000 0
c 460 34.000000 34.000000 0
c 461 36.000000 34.000000 0
c 462 38.000000 34.000000 0
c 463 40.000000 34.000000 0
c 464 42.000000 34.000000 0
c 465 44.000000 34.000000 0
c 466 46.000000 34.000000 0
c 467 48.000000 34.000000 0
c 468 50.000000 34.000000 0
c 469 0.000000 36.000000 0
c 470 2.000000 36.000000 0
c 471 4.000000 36.000000 0
c 472 6.000000 36.000000 0
c 473 8.000000 36.000000 0
c 474 10.000000 36.000000 0
c 475 12.000000 36.000000 0
c 476 14.000000 36.000000 0
c 477 16.000000 36.000000 0
c 478 18.000000 36.000000 0
c 479 20.000000 36.000000 0
c 480 22.000000 36.000000 0
c 481 24.000000 36.000000 0
c 482 26.000000 36.000000 0
c 483 28.000000 36.000000 0
c 484 30.000000 36.000000 0
c 485 32.000000 36.000000 0
c 486 34.000000 36.000000 0
c 487 36.000000 36.000000 0
c 488 38.000000 36.000000 0
c 489 40.000000 36.000000 0
c 490 42.000000 36.000000 0
c 491 44.000000 36.000000 0
c 492 46.000000 36.000000 0
c 493 48.000000 36.000000 0
c 494 50.000000 36.000000 0
c 495 0.000000 38.000000 0
c 496 2.000000 38.000000 0
c 497 4.000000 38.000000 0
c 498 6.000000 38.000000 0
c 499 8.000000 38.000000 0
c 500 10.000000 38.000000 0
c 501 12.000000 38.000000 0
c 502 14.000000 38.000000 0
c 503 16.000000 38.000000 0
c 504 18.000000 38.000000 0
c 505 20.000000 38.000000 0
c 506 22.000000 38.000000 0
c 507 24.000000 38.000000 0
c 508 26.000000 38.000000 0
c 509 28.000000 38.000000 0
c 510 30.000000 38.000000 0
c 511 32.000000 38.000000 0
c 512 34.000000 38.000000 0
c 513 36.000000 38.000000 0
c 514 38.000000 38.000000 0
c 515 40.000000 38.000000 0
c 516 42.000000 38.000000 0
c 517 44.000000 38.000000 0
c 518 46.000000 38.000000 0
c 519 48.000000 38.000000 0
c 520 50.000000 38.000000 0
c 521 0.000000 40.000000 0
c 522 2.000000 40.000000 0
c 523 4.000000 40.000000 0
c 524 6.000000 40.000000 0
c 525 8.000000 40.000000 0
c 526 10.000000 40.000000 0
c 527 12.000000 40.000000 0
c 528 14.000000 40.000000 0
c 529 16.000000 40.000000 0
c 530 18.000000 40.000000 0
c 531 20.000000 40.000000 0
c 532 22.000000 40.000000 0
c 533 24.000000 40.000000 0
c 534 26.000000 40.000000 0
c 535 28.000000 40.000000 0
c 536 30.000000 40.000000 0
c 537 32.000000 40.000000 0
c 538 34.000000 40.000000 0
c 539 36.000000 40.000000 0
c 540 38.000000 40.000000 0
c 541 40.000000 40.000000 0
c 542 42.000000 40.000000 0
c 543 44.000000 40.000000 0
c 544 46.000000 40.000000 0
c 545 48.000000 40.000000 0
c 546 50.000000 40.000000 0
c 547 0.000000 42.000000 0
c 548 2.000000 42.000000 0
c 549 4.000000 42.000000 0
c 550 6.000000 42.000000 0
c 551 8.000000 42.000000 0
c 552 10.000000 42.000000 0
c 553 12.000000 42.000000 0
c 554 14.000000 42.000000 0
c 555 16.000000 42.000000 0
c 556 18.000000 42.000000 0
c 557 20.000000 42.000000 0
c 558 22.000000 42.000000 0
c 559 24.000000 42.000000 0
c 560 26.000000 42.000000 0
c 561 28.000000 42.000000 0
c 562 30.000000 42.000000 0
c 563 32.000000 42.000000 0
c 564 34.000000 42.000000 0
c 565 36.000000 42.000000 0
c 566 38.000000 42.000000 0
c 567 40.000000 42.000000 0
c 568 42.000000 42.000000 0
c 569 44.000000 42.000000 0
c 570 46.000000 42.000000 0
c 571 48.000000 42.000000 0
c 572 50.000000 42.000000 0
c 573 0.000000 44.000000 0
c 574 2.000000 44.000000 0
c 575 4.000000 44.000000 0
c 576 6.000000 44.000000 0
c 577 8.000000 44.000000 0
c 578 10.000000 44.000000 0
c 579 12.000000 44.000000 0
c 580 14.000000 44.000000 0
c 581 16.000000 44.000000 0
c 582 18.000000 44.000000 0
c 583 20.000000 44.000000 0
c 584 22.000000 44.000000 0
c 585 24.000000 44.000000 0
c 586 26.000000 44.000000 0
c 587 28.000000 44.000000 0
c 588 30.000000 44.000000 0
c 589 32.000000 44.000000 0
c 590 34.000000 44.000000 0
c 591 36.000000 44.000000 0
c 592 38.000000 44.000000 0
c 593 40.000000 44.000000 0
c 594 42.000000 44.000000 0
c 595 44.000000 44.000000 0
c 596 46.000000 44.000000 0
c 597 48.000000 44.000000 0
c 598 50.000000 44.000000 0
c 599 0.000000 46.000000 0
c 600 2.000000 46.000000 0
c 601 4.000000 46.000000 0
c 602 6.000000 46.000000 0
c 603 8.000000 46.000000 0
c 604 10.000000 46.000000 0
c 605 12.000000 46.000000 0
c 606 14.000000 46.000000 0
c 607 16.000000 46.000000 0
c 608 18.000000 46.000000 0
c 609 20.000000 46.000000 0
c 610 22.000000 46.000000 0
c 611 24.000000 46.000000 0
c 612 26.000000 46.000000 0
c 613 28.000000 46.000000 0
c 614 30.000000 46.000000 0
c 615 32.000000 46.000000 0
c 616 34.000000 46.000000 0
c 617 36.000000 46.000000 0
c 618 38.000000 46.000000 0
c 619 40.000000 46.000000 0
c 620 42.000000 46.000000 0
c 621 44.000000 46.000000 0
c 622 46.000000 46.000000 0
c 623 48.000000 46.000000 0
c 624 50.000000 46.000000 0
c 625 0.000000 48.000000 0
c 626 2.000000 48.000000 0
c 627 4.000000 48.000000 0
c 628 6.000000 48.000000 0
c 629 8.000000 48.000000 0
c 630 10.000000 48.000000 0
c 631 12.000000 48.000000 0
c 632 14.000000 48.000000 0
c 633 16.000000 48.000000 0
c 634 18.000000 48.000000 0
c 635 20.000000 48.000000 0
c 636 22.000000 48.000000 0
c 637 24.000000 48.000000 0
c 638 26.000000 48.000000 0
c 639 28.000000 48.000000 0
c 640 30.000000 48.000000 0
c 641 32.000000 48.000000 0
c 642 34.000000 48.000000 0
c 643 36.000000 48.000000 0
c 644 38.000000 48.000000 0
c 645 40.000000 48.000000 0
c 646 42.000000 48.000000 0
c 647 44.000000 48.000000 0
c 648 46.000000 48.000000 0
c 649 48.000000 48.000000 0
c 650 50.000000 48.000000 0
c 651 0.000000 50.000000 0
c 652 2.000000 50.000000 0
c 653 4.000000 50.000000 0
c 654 6.000000 50.000000 0
c 655 8.000000 50.000000 0
c 656 10.000000 50.000000 0
c 657 12.000000 50.000000 0
c 658 14.000000 50.000000 0
c 659 16.000000 50.000000 0
c 660 18.000000 50.000000 0
c 661 20.000000 50.000000 0
c 662 22.000000 50.000000 0
c 663 24.000000 50.000000 0
c 664 26.000000 50.000000 0
c 665 28.000000 50.000000 0
c 666 30.000000 50.000000 0
c 667 32.000000 50.000000 0
c 668 34.000000 50.000000 0
c 669 36.000000 50.000000 0
c 670 38.000000 50.000000 0
c 671 40.000000 50.000000 0
c 672 42.000000 50.000000 0
c 673 44.000000 50.000000 0
c 674 46.000000 50.000000 0
c 675 48.000000 50.000000 0
c 676 50.000000 50.000000 0
s 7 513 100 120 121 71 72 115
n 0 1 1 -0.0000000000e+00 0.0000000000e+00 4.0265147892e+04 1.0000000000e+19 1.1118996538e+15 9.9988881003e+18
n 0 1 1 0.0000000000e+00 0.0000000000e+00 0.0000000000e+00 0.0000000000e+00 0.0000000000e+00 0.0000000000e+00
n 1 1 1 -0.0000000000e+00 0.0000000000e+00 4.0265147892e+04 1.0000000000e+19 1.1118996538e+15 9.9988881003e+18
n 1 1 1 0.0000000000e+00 0.0000000000e+00 0.0000000000e+00 0.0000000000e+00 0.0000000000e+00 0.0000000000e+00
n 2 1 1 -0.0000000000e+00 0.0000000000e+00 4.0265147892e+04 1.0000000000e+19 1.1118996538e+15 9.9988881003e+18
n 2 1 1 0.0000000000e+00 0.0000000000e+00 0.0000000000e+00 0.0000000000e+00 0.0000000000e+00 0.0000000000e+00
n 3 1 1 -0.0000000000e+00 0.0000000000e+00 4.0265147892e+04 1.0000000000e+19 1.1118996538e+15 9.9988881003e+18
n 3 1 1 0.0000000000e+00 0.0000000000e+00 0.0000000000e+00 0.0000000000e+00 0.0000000000e+00 0.0000000000e+00
n 4 1 1 -0.0000000000e+00 0.0000000000e+00 4.0265147892e+04 1.0000000000e+19 1.1118996538e+15 9.9988881003e+18
n 4 1 1 0.0000000000e+00 0.0000000000e+00 0.0000000000e+00 0.0000000000e+00 0.0000000000e+00 0.0000000000e+00
n 5 1 1 -0.0000000000e+00 0.0000000000e+00 4.0265147892e+04 1.0000000000e+19 1.1118996538e+15 9.9988881003e+18
n 5 1 1 0.0000000000e+00 0.0000000000e+00 0.0000000000e+00 0.0000000000e+00 0.0000000000e+00 0.0000000000e+00
n 6 1 1 -0.0000000000e+00 0.0000000000e+00 4.0265147892e+04 1.0000000000e+19 1.1118996538e+15 9.9988881003e+18
n 6 1 1 0.0000000000e+00 0.0000000000e+00 0.0000000000e+00 0.0000000000e+00 0.0000000000e+00 0.0000000000e+00
n 7 1 1 -0.0000000000e+00 0.0000000000e+00 4.0265147892e+04 1.0000000000e+19 1.1118996538e+15 9.9988881003e+18
n 7 1 1 0.0000000000e+00 0.0000000000e+00 0.0000000000e+00 0.0000000000e+00 0.0000000000e+00 0.0000000000e+00
n 8 1 1 -0.0000000000e+00 0.0000000000e+00 4.0265147892e+04 1.0000000000e+19 1.1118996538e+15 9.9988881003e+18
n 8 1 1 0.0000000000e+00 0.0000000000e+00 0.0000000000e+00 0.0000000000e+00 0.0000000000e+00 0.0000000000e+00
n 9 1 1 -0.0000000000e+00 0.0000000000e+00 4.0265147892e+04 1.0000000000e+19 1.1118996538e+15 9.9988881003e+18
n 9 1 1 0.0000000000e+00 0.0000000000e+00 0.0000000000e+00 0.0000000000e+00 0.0000000000e+00 0.0000000000e+00
n 10 1 1 -0.0000000000e+00 0.0000000000e+00 4.0265147892e+04 1.0000000000e+19 1.1118996538e+15 9.9988881003e+18
n 10 1 1 0.0000000000e+00 0.0000000000e+00 0.0000000000e+00 0.0000000000e+00 0.0000000000e+00 0.0000000000e+00
n 11 1 1 -0.0000000000e+00 0.0000000000e+00 4.0265147892e+04 1.0000000000e+19 1.1118996538e+15 9.9988881003e+18
n 11 1 1 0.0000000000e+00 0.0000000000e+00 0.0000000000e+00 0.0000000000e+00 0.0000000000e+00 0.0000000000e+00
n 12 1 1 -0.0000000000e+00 0.0000000000e+00 4.0265147892e+04 1.0000000000e+19 1.1118996538e+15 9.9988881003e+18
n 12 1 1 0.0000000000e+00 0.0000000000e+00 0.0000000000e+00 0.0000000000e+00 0.0000000000e+00 0.0000000000e+00
n 13 1 1 -0.0000000000e+00 0.0000000000e+00 4.0265147892e+04 1.0000000000e+19 1.1118996538e+15 9.9988881003e+18
n 13 1 1 0.0000000000e+00 0.0000000000e+00 0.0000000000e+00 0.0000000000e+00 0.0000000000e+00 0.0000000000e+00
n 14 1 1 -0.0000000000e+00 0.0000000000e+00 4.0265147892e+04 1.0000000000e+19 1.1118996538e+15 9.9988881003e+18
n 14 1 1 0.0000000000e+00 0.0000000000e+00 0.0000000000e+00 0.0000000000e+00 0.0000000000e+00 0.0000000000e+00
n 15 1 1 -0.0000000000e+00 0.0000000000e+00 4.0265147892e+04 1.0000000000e+19 1.1118996538e+15 9.9988881003e+18
n 15 1 1 0.0000000000e+00 0.0000000000e+00 0.0000000000e+00 0.0000000000e+00 0.0000000000e+00 0.0000000000e+00
n 16 1 1 -0.0000000000e+00 0.0000000000e+00 4.0265147892e+04 1.0000000000e+19 1.1118996538e+15 9.9988881003e+18
n 16 1 1 0.0000000000e+00 0.0000000000e+00 0.0000000000e+00 0.0000000000e+00 0.0000000000e+00 0.0000000000e+00
n 17 1 1 -0.0000000000e+00 0.0000000000e+00 4.0265147892e+04 1.0000000000e+19 1.1118996538e+15 9.9988881003e+18
n 17 1 1 0.0000000000e+00 0.0000000000e+00 0.0000000000e+00 0.0000000000e+00 0.0000000000e+00 0.0000000000e+00
n 18 1 1 -0.0000000000e+00 0.0000000000e+00 4.0265147892e+04 1.0000000000e+19 1.1118996538e+15 9.9988881003e+18
n 18 1 1 0.0000000000e+00 0.0000000000e+00 0.0000000000e+00 0.0000000000e+00 0.0000000000e+00 0.0000000000e+00
n 19 1 1 -0.0000000000e+00 0.0000000000e+00 4.0265147892e+04 1.0000000000e+19 1.1118996538e+15 9.9988881003e+18
n 19 1 1 0.0000000000e+00 0.0000000000e+00 0.0000000000e+00 0.0000000000e+00 0.0000000000e+00 0.0000000000e+00
n 20 1 1 -0.0000000000e+00 0.0000000000e+00 4.0265147892e+04 1.0000000000e+19 1.1118996538e+15 9.9988881003e+18
n 20 1 1 0.0000000000e+00 0.0000000000e+00 0.0000000000e+00 0.0000000000e+00 0.0000000000e+00 0.0000000000e+00
n 21 1 1 -0.0000000000e+00 0.0000000000e+00 4.0265147892e+04 1.0000000000e+19 1.1118996538e+15 9.9988881003e+18
n 21 1 1 0.0000000000e+00 0.0000000000e+00 0.0000000000e+00 0.0000000000e+00 0.0000000000e+00 0.0000000000e+00
n 22 1 1 -0.0000000000e+00 0.0000000000e+00 4.0265147892e+04 1.0000000000e+19 1.1118996538e+15 9.9988881003e+18
n 22 1 1 0.0000000000e+00 0.0000000000e+00 0.0000000000e+00 0.0000000000e+00 0.0000000000e+00 0.0000000000e+00
n 23 1 1 -0.0000000000e+00 0.0000000000e+00 4.0265147892e+04 1.0000000000e+19 1.1118996538e+15 9.9988881003e+18
n 23 1 1 0.0000000000e+00 0.0000000000e+00 0.0000000000e+00 0.0000000000e+00 0.0000000000e+00 0.0000000000e+00
n 24 1 1 -0.0000000000e+00 0.0000000000e+00 4.0265147892e+04 1.0000000000e+19 1.1118996538e+15 9.9988881003e+18
n 24 1 1 0.0000000000e+00 0.0000000000e+00 0.0000000000e+00 0.0000000000e+00 0.0000000000e+00 0.0000000000e+00
n 25 1 1 -0.0000000000e+00 0.0000000000e+00 4.0265147892e+04 1.0000000000e+19 1.1118996538e+15 9.9988881003e+18
n 25 1 1 0.0000000000e+00 0.0000000000e+00 0.0000000000e+00 0.0000000000e+00 0.0000000000e+00 0.0000000000e+00
n 26 1 1 -8.0000000000e+00 0.0000000000e+00 1.7735000853e+05 1.0000000000e+12 6.0654065971e+16 -6.0653065971e+16
n 27 1 1 -8.0000000000e+00 0.0000000000e+00 1.7735000853e+05 1.0000000000e+12 6.0654065971e+16 -6.0653065971e+16
n 28 1 1 -8.0000000000e+00 0.0000000000e+00 1.7735000853e+05 1.0000000000e+12 6.0654065971e+16 -6.0653065971e+16
n 29 1 1 -8.0000000000e+00 0.0000000000e+00 1.7735000853e+05 1.0000000000e+12 6.0654065971e+16 -6.0653065971e+16
n 30 1 1 -8.0000000000e+00 0.0000000000e+00 1.7735000853e+05 1.0000000000e+12 6.0654065971e+16 -6.0653065971e+16
n 31 1 1 -8.0000000000e+00 0.0000000000e+00 1.7735000853e+05 1.0000000000e+12 6.0654065971e+16 -6.0653065971e+16
n 32 1 1 -8.0000000000e+00 0.0000000000e+00 1.7735000853e+05 1.0000000000e+12 6.0654065971e+16 -6.0653065971e+16
n 33 1 1 -8.0000000000e+00 0.0000000000e+00 1.7735000853e+05 1.0000000000e+12 6.0654065971e+16 -6.0653065971e+16
n 34 1 1 -8.0000000000e+00 0.0000000000e+00 1.7735000853e+05 1.0000000000e+12 6.0654065971e+16 -6.0653065971e+16
n 35 1 1 -8.0000000000e+00 0.0000000000e+00 1.7735000853e+05 1.0000000000e+12 6.0654065971e+16 -6.0653065971e+16
n 36 1 1 -8.0000000000e+00 0.0000000000e+00 1.7735000853e+05 1.0000000000e+12 6.0654065971e+16 -6.0653065971e+16
n 37 1 1 -8.0000000000e+00 0.0000000000e+00 1.7735000853e+05 1.0000000000e+12 6.0654065971e+16 -6.0653065971e+16
n 38 1 1 -8.0000000000e+00 0.0000000000e+00 1.7735000853e+05 1.0000000000e+12 6.0654065971e+16 -6.0653065971e+16
n 39 1 1 -8.0000000000e+00 0.0000000000e+00 1.7735000853e+05 1.0000000000e+12 6.0654065971e+16 -6.0653065971e+16
n 40 1 1 -8.0000000000e+00 0.0000000000e+00 1.7735000853e+05 1.0000000000e+12 6.0654065971e+16 -6.0653065971e+16
n 41 1 1 -8.0000000000e+00 0.0000000000e+00 1.7735000853e+05 1.0000000000e+12 6.0654065971e+16 -6.0653065971e+16
n 42 1 1 -8.0000000000e+00 0.0000000000e+00 1.7735000853e+05 1.0000000000e+12 6.0654065971e+16 -6.0653065971e+16
n 43 1 1 -8.0000000000e+00 0.0000000000e+00 1.7735000853e+05 1.0000000000e+12 6.0654065971e+16 -6.0653065971e+16
n 44 1 1 -8.0000000000e+00 0.0000000000e+00 1.7735000853e+05 1.0000000000e+12 6.0654065971e+16 -6.0653065971e+16
n 45 1 1 -8.0000000000e+00 0.0000000000e+00 1.7735000853e+05 1.0000000000e+12 6.0654065971e+16 -6.0653065971e+16
n 46 1 1 -8.0000000000e+00 0.0000000000e+00 1.7735000853e+05 1.0000000000e+12 6.0654065971e+16 -6.0653065971e+16
n 47 1 1 -8.0000000000e+00 0.0000000000e+00 1.7735000853e+05 1.0000000000e+12 6.0654065971e+16 -6.0653065971e+16
n 48 1 1 -8.0000000000e+00 0.0000000000e+00 1.7735000853e+05 1.0000000000e+12 6.0654065971e+16 -6.0653065971e+16
n 49 1 1 -8.0000000000e+00 0.0000000000e+00 1.7735000853e+05 1.0000000000e+12 6.0654065971e+16 -6.0653065971e+16
n 50 1 1 -8.0000000000e+00 0.0000000000e+00 1.7735000853e+05 1.0000000000e+12 6.0654065971e+16 -6.0653065971e+16
n 51 1 1 -8.0000000000e+00 0.0000000000e+00 1.7735000853e+05 1.0000000000e+12 6.0654065971e+16 -6.0653065971e+16
n 52 1 1 -1.6000000000e+01 0.0000000000e+00 1.7735000853e+05 1.0000000000e+12 6.0654065971e+16 -6.0653065971e+16
n 53 1 1 -1.6000000000e+01 0.0000000000e+00 1.7735000853e+05 1.0000000000e+12 6.0654065971e+16 -6.0653065971e+16
n 54 1 1 -1.6000000000e+01 0.0000000000e+00 1.7735000853e+05 1.0000000000e+12 6.0654065971e+16 -6.0653065971e+16
n 55 1 1 -1.6000000000e+01 0.0000000000e+00 1.7735000853e+05 1.0000000000e+12 6.0654065971e+16 -6.0653065971e+16
n 56 1 1 -1.6000000000e+01 0.0000000000e+00 1.7735000853e+05 1.0000000000e+12 6.0654065971e+16 -6.0653065971e+16
n 57 1 1 -1.6000000000e+01 0.0000000000e+00 1.7735000853e+05 1.0000000000e+12 6.0654065971e+16 -6.0653065971e+16
n 58 1 1 -1.6000000000e+01 0.0000000000e+00 1.7735000853e+05 1.0000000000e+12 6.0654065971e+16 -6.0653065971e+16
n 59 1 1 -1.6000000000e+01 0.0000000000e+00 1.7735000853e+05 1.0000000000e+12 6.0654065971e+16 -6.0653065971e+16
n 60 1 1 -1.6000000000e+01 0.0000000000e+00 1.7735000853e+05 1.0000000000e+12 6.0654065971e+16 -6.0653065971e+16
n 61 1 1 -1.6000000000e+01 0.0000000000e+00 1.7735000853e+05 1.0000000000e+12 6.0654065971e+16 -6.0653065971e+16
n 62 1 1 -1.6000000000e+01 0.0000000000e+00 1.7735000853e+05 1.0000000000e+12 6.0654065971e+16 -6.0653065971e+16
n 63 1 1 -1.6000000000e+01 0.0000000000e+00 1.7735000853e+05 1.0000000000e+12 6.0654065971e+16 -6.0653065971e+16
n 64 1 1 -1.6000000000e+01 0.0000000000e+00 1.7735000853e+05 1.0000000000e+12 6.0654065971e+16 -6.0653065971e+16
n 65 1 1 -1.6000000000e+01 0.0000000000e+00 1.7735000853e+05 1.0000000000e+12 6.0654065971e+16 -6.0653065971e+16
n 66 1 1 -1.6000000000e+01 0.0000000000e+00 1.7735000853e+05 1.0000000000e+12 6.0654065971e+16 -6.0653065971e+16
n 67 1 1 -1.6000000000e+01 0.0000000000e+00 1.7735000853e+05 1.0000000000e+12 6.0654065971e+16 -6.0653065971e+16
n 68 1 1 -1.6000000000e+01 0.0000000000e+00 1.7735000853e+05 1.0000000000e+12 6.0654065971e+16 -6.0653065971e+16
n 69 1 1 -1.6000000000e+01 0.0000000000e+00 1.7735000853e+05 1.0000000000e+12 6.0654065971e+16 -6.0653065971e+16
n 70 1 1 -1.6000000000e+01 0.0000000000e+00 1.7735000853e+05 1.0000000000e+12 6.0654065971e+16 -6.0653065971e+16
n 71 1 1 -1.6000000000e+01 0.0000000000e+00 1.7735000853e+05 1.0000000000e+12 6.0654065971e+16 -6.0653065971e+16
n 72 1 1 -1.6000000000e+01 0.0000000000e+00 1.7735000853e+05 1.0000000000e+12 6.0654065971e+16 -6.0653065971e+16
n 73 1 1 -1.6000000000e+01 0.0000000000e+00 1.7735000853e+05 1.0000000000e+12 6.0654065971e+16 -6.0653065971e+16
n 74 1 1 -1.6000000000e+01 0.0000000000e+00 1.7735000853e+05 1.0000000000e+12 6.0654065971e+16 -6.0653065971e+16
n 75 1 1 -1.6000000000e+01 0.0000000000e+00 1.7735000853e+05 1.0000000000e+12 6.0654065971e+16 -6.0653065971e+16
n 76 1 1 -1.6000000000e+01 0.0000000000e+00 1.7735000853e+05 1.0000000000e+12 6.0654065971e+16 -6.0653065971e+16
n 77 1 1 -1.6000000000e+01 0.0000000000e+00 1.7735000853e+05 1.0000000000e+12 6.0654065971e+16 -6.0653065971e+16
n 78 1 1 -2.4000000000e+01 0.0000000000e+00 4.0265147892e+04 1.0000000000e+12 1.1118996538e+15 -1.1108996538e+15
n 79 1 1 -2.4000000000e+01 0.0000000000e+00 4.0265147892e+04 1.0000000000e+12 1.1118996538e+15 -1.1108996538e+15
n 80 1 1 -2.4000000000e+01 0.0000000000e+00 4.0265147892e+04 1.0000000000e+12 1.1118996538e+15 -1.1108996538e+15
n 81 1 1 -2.4000000000e+01 0.0000000000e+00 4.0265147892e+04 1.0000000000e+12 1.1118996538e+15 -1.1108996538e+15
n 82 1 1 -2.4000000000e+01 0.0000000000e+00 4.0265147892e+04 1.0000000000e+12 1.1118996538e+15 -1.1108996538e+15
n 83 1 1 -2.4000000000e+01 0.0000000000e+00 4.0265147892e+04 1.0000000000e+12 1.1118996538e+15 -1.1108996538e+15
n 84 1 1 -2.4000000000e+01 0.0000000000e+00 4.0265147892e+04 1.0000000000e+12 1.1118996538e+15 -1.1108996538e+15
n 85 1 1 -2.4000000000e+01 0.0000000000e+00 4.0265147892e+04 1.0000000000e+12 1.1118996538e+15 -1.1108996538e+15
n 86 1 1 -2.4000000000e+01 0.0000000000e+00 4.0265147892e+04 1.0000000000e+12 1.1118996538e+15 -1.1108996538e+15
n 87 1 1 -2.4000000000e+01 0.0000000000e+00 4.0265147892e+04 1.0000000000e+12 1.1118996538e+15 -1.1108996538e+15
n 88 1 1 -2.4000000000e+01 0.0000000000e+00 4.0265147892e+04 1.0000000000e+12 1.1118996538e+15 -1.1108996538e+15
n 89 1 1 -2.4000000000e+01 0.0000000000e+00 4.0265147892e+04 1.0000000000e+12 1.1118996538e+15 -1.1108996538e+15
n 90 1 1 -2.4000000000e+01 0.0000000000e+00 4.0265147892e+04 1.0000000000e+12 1.1118996538e+15 -1.1108996538e+15
n 91 1 1 -2.4000000000e+01 0.0000000000e+00 4.0265147892e+04 1.0000000000e+12 1.1118996538e+15 -1.1108996538e+15
n 92 1 1 -2.4000000000e+01 0.0000000000e+00 4.0265147892e+04 1.0000000000e+12 1.1118996538e+15 -1.1108996538e+15
n 93 1 1 -2.4000000000e+01 0.0000000000e+00 4.0265147892e+04 1.0000000000e+12 1.1118996538e+15 -1.1108996538e+15
n 94 1 1 -2.4000000000e+01 0.0000000000e+00 4.0265147892e+04 1.0000000000e+12 1.1118996538e+15 -1.1108996538e+15
n 95 1 1 -2.4000000000e+01 0.0000000000e+00 4.0265147892e+04 1.0000000000e+12 1.1118996538e+15 -1.1108996538e+15
n 96 1 1 -2.4000000000e+01 0.0000000000e+00 4.0265147892e+04 1.0000000000e+12 1.1118996538e+15 -1.1108996538e+15
n 97 1 1 -2.4000000000e+01 0.0000000000e+00 4.0265147892e+04 1.0000000000e+12 1.1118996538e+15 -1.1108996538e+15
n 98 1 1 -2.4000000000e+01 0.0000000000e+00 4.0265147892e+04 1.0000000000e+12 1.1118996538e+15 -1.1108996538e+15
n 99 1 1 -2.4000000000e+01 0.0000000000e+00 4.0265147892e+04 1.0000000000e+12 1.1118996538e+15 -1.1108996538e+15
n 100 1 1 -2.4000000000e+01 0.0000000000e+00 4.0265147892e+04 1.0000000000e+12 1.1118996538e+15 -1.1108996538e+15
n 101 1 1 -2.4000000000e+01 0.0000000000e+00 4.0265147892e+04 1.0000000000e+12 1.1118996538e+15 -1.1108996538e+15
n 102 1 1 -2.4000000000e+01 0.0000000000e+00 4.0265147892e+04 1.0000000000e+12 1.1118996538e+15 -1.1108996538e+15
n 103 1 1 -2.4000000000e+01 0.0000000000e+00 4.0265147892e+04 1.0000000000e+12 1.1118996538e+15 -1.1108996538e+15
n 104 1 1 -3.2000000000e+01 0.0000000000e+00 4.0000000988e+04 1.0000000000e+12 1.3726653172e+12 -3.7266531721e+11
n 105 1 1 -3.2000000000e+01 0.0000000000e+00 4.0000000988e+04 1.0000000000e+12 1.3726653172e+12 -3.7266531721e+11
n 106 1 1 -3.2000000000e+01 0.0000000000e+00 4.0000000988e+04 1.0000000000e+12 1.3726653172e+12 -3.7266531721e+11
n 107 1 1 -3.2000000000e+01 0.0000000000e+00 4.0000000988e+04 1.0000000000e+12 1.3726653172e+12 -3.7266531721e+11
n 108 1 1 -3.2000000000e+01 0.0000000000e+00 4.0000000988e+04 1.0000000000e+12 1.3726653172e+12 -3.7266531721e+11
n 109 1 1 -3.2000000000e+01 0.0000000000e+00 4.0000000988e+04 1.0000000000e+12 1.3726653172e+12 -3.7266531721e+11
n 110 1 1 -3.2000000000e+01 0.0000000000e+00 4.0000000988e+04 1.0000000000e+12 1.3726653172e+12 -3.7266531721e+11
n 111 1 1 -3.2000000000e+01 0.0000000000e+00 4.0000000988e+04 1.0000000000e+12 1.3726653172e+12 -3.7266531721e+11
n 112 1 1 -3.2000000000e+01 0.0000000000e+00 4.0000000988e+04 1.0000000000e+12 1.3726653172e+12 -3.7266531721e+11
n 113 1 1 -3.2000000000e+01 0.0000000000e+00 4.0000000988e+04 1.0000000000e+12 1.3726653172e+12 -3.7266531721e+11
n 114 1 1 -3.2000000000e+01 0.0000000000e+00 4.0000000988e+04 1.0000000000e+12 1.3726653172e+12 -3.7266531721e+11
n 115 1 1 -3.2000000000e+01 0.0000000000e+00 4.0000000988e+04 1.0000000000e+12 1.3726653172e+12 -3.7266531721e+11
n 116 1 1 -3.2000000000e+01 0.0000000000e+00 4.0000000988e+04 1.0000000000e+12 1.3726653172e+12 -3.7266531721e+11
n 117 1 1 -3.2000000000e+01 0.0000000000e+00 4.0000000988e+04 1.0000000000e+12 1.3726653172e+12 -3.7266531721e+11
n 118 1 1 -3.2000000000e+01 0.0000000000e+00 4.0000000988e+04 1.0000000000e+12 1.3726653172e+12 -3.7266531721e+11
n 119 1 1 -3.2000000000e+01 0.0000000000e+00 4.0000000988e+04 1.0000000000e+12 1.3726653172e+12 -3.7266531721e+11
n 120 1 1 -3.2000000000e+01 0.0000000000e+00 4.0000000988e+04 1.0000000000e+12 1.3726653172e+12 -3.7266531721e+11
n 121 1 1 -3.2000000000e+01 0.0000000000e+00 4.0000000988e+04 1.0000000000e+12 1.3726653172e+12 -3.7266531721e+11
n 122 1 1 -3.2000000000e+01 0.0000000000e+00 4.0000000988e+04 1.0000000000e+12 1.3726653172e+12 -3.7266531721e+11
n 123 1 1 -3.2000000000e+01 0.0000000000e+00 4.0000000988e+04 1.0000000000e+12 1.3726653172e+12 -3.7266531721e+11
n 124 1 1 -3.2000000000e+01 0.0000000000e+00 4.0000000988e+04 1.0000000000e+12 1.3726653172e+12 -3.7266531721e+11
n 125 1 1 -3.2000000000e+01 0.0000000000e+00 4.0000000988e+04 1.0000000000e+12 1.3726653172e+12 -3.7266531721e+11
n 126 1 1 -3.2000000000e+01 0.0000000000e+00 4.0000000988e+04 1.0000000000e+12 1.3726653172e+12 -3.7266531721e+11
n 127 1 1 -3.2000000000e+01 0.0000000000e+00 4.0000000988e+04 1.0000000000e+12 1.3726653172e+12 -3.7266531721e+11
n 128 1 1 -3.2000000000e+01 0.0000000000e+00 4.0000000988e+04 1.0000000000e+12 1.3726653172e+12 -3.7266531721e+11
n 129 1 1 -3.2000000000e+01 0.0000000000e+00 4.0000000988e+04 1.0000000000e+12 1.3726653172e+12 -3.7266531721e+11
n 130 1 1 -4.0000000000e+01 0.0000000000e+00 4.0000000000e+04 1.0000000000e+12 1.0000022897e+12 -2.2897348457e+06
n 131 1 1 -4.0000000000e+01 0.0000000000e+00 4.0000000000e+04 1.0000000000e+12 1.0000022897e+12 -2.2897348457e+06
n 132 1 1 -4.0000000000e+01 0.0000000000e+00 4.0000000000e+04 1.0000000000e+12 1.0000022897e+12 -2.2897348457e+06
n 133 1 1 -4.0000000000e+01 0.0000000000e+00 4.0000000000e+04 1.0000000000e+12 1.0000022897e+12 -2.2897348457e+06
n 134 1 1 -4.0000000000e+01 0.0000000000e+00 4.0000000000e+04 1.0000000000e+12 1.0000022897e+12 -2.2897348457e+06
n 135 1 1 -4.0000000000e+01 0.0000000000e+00 4.0000000000e+04 1.0000000000e+12 1.0000022897e+12 -2.2897348457e+06
n 136 1 1 -4.0000000000e+01 0.0000000000e+00 4.0000000000e+04 1.0000000000e+12 1.0000022897e+12 -2.2897348457e+06
n 137 1 1 -4.0000000000e+01 0.0000000000e+00 4.0000000000e+04 1.0000000000e+12 1.0000022897e+12 -2.2897348457e+06
n 138 1 1 -4.0000000000e+01 0.0000000000e+00 4.0000000000e+04 1.0000000000e+12 1.0000022897e+12 -2.2897348457e+06
n 139 1 1 -4.0000000000e+01 0.0000000000e+00 4.0000000000e+04 1.0000000000e+12 1.0000022897e+12 -2.2897348457e+06
n 140 1 1 -4.0000000000e+01 0.0000000000e+00 4.0000000000e+04 1.0000000000e+12 1.0000022897e+12 -2.2897348457e+06
n 141 1 1 -4.0000000000e+01 0.0000000000e+00 4.0000000000e+04 1.0000000000e+12 1.0000022897e+12 -2.2897348457e+06
n 142 1 1 -4.0000000000e+01 0.0000000000e+00 4.0000000000e+04 1.0000000000e+12 1.0000022897e+12 -2.2897348457e+06
n 143 1 1 -4.0000000000e+01 0.0000000000e+00 4.0000000000e+04 1.0000000000e+12 1.0000022897e+12 -2.2897348457e+06
n 144 1 1 -4.0000000000e+01 0.0000000000e+00 4.0000000000e+04 1.0000000000e+12 1.0000022897e+12 -2.2897348457e+06
n 145 1 1 -4.0000000000e+01 0.0000000000e+00 4.0000000000e+04 1.0000000000e+12 1.0000022897e+12 -2.2897348457e+06
n 146 1 1 -4.0000000000e+01 0.0000000000e+00 4.0000000000e+04 1.0000000000e+12 1.0000022897e+12 -2.2897348457e+06
n 147 1 1 -4.0000000000e+01 0.0000000000e+00 4.0000000000e+04 1.0000000000e+12 1.0000022897e+12 -2.2897348457e+06
n 148 1 1 -4.0000000000e+01 0.0000000000e+00 4.0000000000e+04 1.0000000000e+12 1.0000022897e+12 -2.2897348457e+06
n 149 1 1 -4.0000000000e+01 0.0000000000e+00 4.0000000000e+04 1.0000000000e+12 1.0000022897e+12 -2.2897348457e+06
n 150 1 1 -4.0000000000e+01 0.0000000000e+00 4.0000000000e+04 1.0000000000e+12 1.0000022897e+12 -2.2897348457e+06
n 151 1 1 -4.0000000000e+01 0.0000000000e+00 4.0000000000e+04 1.0000000000e+12 1.0000022897e+12 -2.2897348457e+06
n 152 1 1 -4.0000000000e+01 0.0000000000e+00 4.0000000000e+04 1.0000000000e+12 1.0000022897e+12 -2.2897348457e+06
n 153 1 1 -4.0000000000e+01 0.0000000000e+00 4.0000000000e+04 1.0000000000e+12 1.0000022897e+12 -2.2897348457e+06
n 154 1 1 -4.0000000000e+01 0.0000000000e+00 4.0000000000e+04 1.0000000000e+12 1.0000022897e+12 -2.2897348457e+06
n 155 1 1 -4.0000000000e+01 0.0000000000e+00 4.0000000000e+04 1.0000000000e+12 1.0000022897e+12 -2.2897348457e+06
n 156 1 1 -4.8000000000e+01 0.0000000000e+00 4.0000000000e+04 1.0000000000e+12 1.0000000000e+12 -2.5769042969e-01
n 157 1 1 -4.8000000000e+01 0.0000000000e+00 4.0000000000e+04 1.0000000000e+12 1.0000000000e+12 -2.5769042969e-01
n 158 1 1 -4.8000000000e+01 0.0000000000e+00 4.0000000000e+04 1.0000000000e+12 1.0000000000e+12 -2.5769042969e-01
n 159 1 1 -4.8000000000e+01 0.0000000000e+00 4.0000000000e+04 1.0000000000e+12 1.0000000000e+12 -2.5769042969e-01
n 160 1 1 -4.8000000000e+01 0.0000000000e+00 4.0000000000e+04 1.0000000000e+12 1.0000000000e+12 -2.5769042969e-01
n 161 1 1 -4.8000000000e+01 0.0000000000e+00 4.0000000000e+04 1.0000000000e+12 1.0000000000e+12 -2.5769042969e-01
n 162 1 1 -4.8000000000e+01 0.0000000000e+00 4.0000000000e+04 1.0000000000e+12 1.0000000000e+12 -2.5769042969e-01
n 163 1 1 -4.8000000000e+01 0.0000000000e+00 4.0000000000e+04 1.0000000000e+12 1.0000000000e+12 -2.5769042969e-01
n 164 1 1 -4.8000000000e+01 0.0000000000e+00 4.0000000000e+04 1.0000000000e+12 1.0000000000e+12 -2.5769042969e-01
n 165 1 1 -4.8000000000e+01 0.0000000000e+00 4.0000000000e+04 1.0000000000e+12 1.0000000000e+12 -2.5769042969e-01
n 166 1 1 -4.8000000000e+01 0.0000000000e+00 4.0000000000e+04 1.0000000000e+12 1.0000000000e+12 -2.5769042969e-01
n 167 1 1 -4.8000000000e+01 0.0000000000e+00 4.0000000000e+04 1.0000000000e+12 1.0000000000e+12 -2.5769042969e-01
n 168 1 1 -4.8000000000e+01 0.0000000000e+00 4.0000000000e+04 1.0000000000e+12 1.0000000000e+12 -2.5769042969e-01
n 169 1 1 -4.8000000000e+01 0.0000000000e+00 4.0000000000e+04 1.0000000000e+12 1.0000000000e+12 -2.5769042969e-01
n 170 1 1 -4.8000000000e+01 0.0000000000e+00 4.0000000000e+04 1.0000000000e+12 1.0000000000e+12 -2.5769042969e-01
n 171 1 1 -4.8000000000e+01 0.0000000000e+00 4.0000000000e+04 1.0000000000e+12 1.0000000000e+12 -2.5769042969e-01
n 172 1 1 -4.8000000000e+01 0.0000000000e+00 4.0000000000e+04 1.0000000000e+12 1.0000000000e+12 -2.5769042969e-01
n 173 1 1 -4.8000000000e+01 0.0000000000e+00 4.0000000000e+04 1.0000000000e+12 1.0000000000e+12 -2.5769042969e-01
n 174 1 1 -4.8000000000e+01 0.0000000000e+00 4.0000000000e+04 1.0000000000e+12 1.0000000000e+12 -2.5769042969e-01
n 175 1 1 -4.8000000000e+01 0.0000000000e+00 4.0000000000e+04 1.0000000000e+12 1.0000000000e+12 -2.5769042969e-01
n 176 1 1 -4.8000000000e+01 0.0000000000e+00 4.0000000000e+04 1.0000000000e+12 1.0000000000e+12 -2.5769042969e-01
n 177 1 1 -4.8000000000e+01 0.0000000000e+00 4.0000000000e+04 1.0000000000e+12 1.0000000000e+12 -2.5769042969e-01
n 178 1 1 -4.8000000000e+01 0.0000000000e+00 4.0000000000e+04 1.0000000000e+12 1.0000000000e+12 -2.5769042969e-01
n 179 1 1 -4.8000000000e+01 0.0000000000e+00 4.0000000000e+04 1.0000000000e+12 1.0000000000e+12 -2.5769042969e-01
n 180 1 1 -4.8000000000e+01 0.0000000000e+00 4.0000000000e+04 1.0000000000e+12 1.0000000000e+12 -2.5769042969e-01
n 181 1 1 -4.8000000000e+01 0.0000000000e+00 4.0000000000e+04 1.0000000000e+12 1.0000000000e+12 -2.5769042969e-01
n 182 1 1 -5.6000000000e+01 0.0000000000e+00 4.0000000000e+04 1.0000000000e+12 1.0000000000e+12 0.0000000000e+00
n 183 1 1 -5.6000000000e+01 0.0000000000e+00 4.0000000000e+04 1.0000000000e+12 1.0000000000e+12 0.0000000000e+00
n 184 1 1 -5.6000000000e+01 0.0000000000e+00 4.0000000000e+04 1.0000000000e+12 1.0000000000e+12 0.0000000000e+00
n 185 1 1 -5.6000000000e+01 0.0000000000e+00 4.0000000000e+04 1.0000000000e+12 1.0000000000e+12 0.0000000000e+00
n 186 1 1 -5.6000000000e+01 0.0000000000e+00 4.0000000000e+04 1.0000000000e+12 1.0000000000e+12 0.0000000000e+00
n 187 1 1 -5.6000000000e+01 0.0000000000e+00 4.0000000000e+04 1.0000000000e+12 1.0000000000e+12 0.0000000000e+00
n 188 1 1 -5.6000000000e+01 0.0000000000e+00 4.0000000000e+04 1.0000000000e+12 1.0000000000e+12 0.0000000000e+00
n 189 1 1 -5.6000000000e+01 0.0000000000e+00 4.0000000000e+04 1.0000000000e+12 1.0000000000e+12 0.0000000000e+00
n 190 1 1 -5.6000000000e+01 0.0000000000e+00 4.0000000000e+04 1.0000000000e+12 1.0000000000e+12 0.0000000000e+00
n 191 1 1 -5.6000000000e+01 0.0000000000e+00 4.0000000000e+04 1.0000000000e+12 1.0000000000e+12 0.0000000000e+00
n 192 1 1 -5.6000000000e+01 0.0000000000e+00 4.0000000000e+04 1.0000000000e+12 1.0000000000e+12 0.0000000000e+00
n 193 1 1 -5.6000000000e+01 0.0000000000e+00 4.0000000000e+04 1.0000000000e+12 1.0000000000e+12 0.0000000000e+00
n 194 1 1 -5.6000000000e+01 0.0000000000e+00 4.0000000000e+04 1.0000000000e+12 1.0000000000e+12 0.0000000000e+00
n 195 1 1 -5.6000000000e+01 0.0000000000e+00 4.0000000000e+04 1.0000000000e+12 1.0000000000e+12 0.0000000000e+00
n 196 1 1 -5.6000000000e+01 0.0000000000e+00 4.0000000000e+04 1.0000000000e+12 1.0000000000e+12 0.0000000000e+00
n 197 1 1 -5.6000000000e+01 0.0000000000e+00 4.0000000000e+04 1.0000000000e+12 1.0000000000e+12 0.0000000000e+00
n 198 1 1 -5.6000000000e+01 0.0000000000e+00 4.0000000000e+04 1.0000000000e+12 1.0000000000e+12 0.0000000000e+00
n 199 1 1 -5.6000000000e+01 0.0000000000e+00 4.0000000000e+04 1.0000000000e+12 1.0000000000e+12 0.0000000000e+00
n 200 1 1 -5.6000000000e+01 0.0000000000e+00 4.0000000000e+04 1.0000000000e+12 1.0000000000e+12 0.0000000000e+00
n 201 1 1 -5.6000000000e+01 0.0000000000e+00 4.0000000000e+04 1.0000000000e+12 1.0000000000e+12 0.0000000000e+00
n 202 1 1 -5.6000000000e+01 0.0000000000e+00 4.0000000000e+04 1.0000000000e+12 1.0000000000e+12 0.0000000000e+00
n 203 1 1 -5.6000000000e+01 0.0000000000e+00 4.0000000000e+04 1.0000000000e+12 1.0000000000e+12 0.0000000000e+00
n 204 1 1 -5.6000000000e+01 0.0000000000e+00 4.0000000000e+04 1.0000000000e+12 1.0000000000e+12 0.0000000000e+00
n 205 1 1 -5.6000000000e+01 0.0000000000e+00 4.0000000000e+04 1.0000000000e+12 1.0000000000e+12 0.0000000000e+00
n 206 1 1 -5.6000000000e+01 0.0000000000e+00 4.0000000000e+04 1.0000000000e+12 1.0000000000e+12 0.0000000000e+00
n 207 1 1 -5.6000000000e+01 0.0000000000e+00 4.0000000000e+04 1.0000000000e+12 1.0000000000e+12 0.0000000000e+00
n 208 1 1 -6.4000000000e+01 0.0000000000e+00 4.0000000000e+04 1.0000000000e+12 1.0000000000e+12 0.0000000000e+00
n 209 1 1 -6.4000000000e+01 0.0000000000e+00 4.0000000000e+04 1.0000000000e+12 1.0000000000e+12 0.0000000000e+00
n 210 1 1 -6.4000000000e+01 0.0000000000e+00 4.0000000000e+04 1.0000000000e+12 1.0000000000e+12 0.0000000000e+00
n 211 1 1 -6.4000000000e+01 0.0000000000e+00 4.0000000000e+04 1.0000000000e+12 1.0000000000e+12 0.0000000000e+00
n 212 1 1 -6.4000000000e+01 0.0000000000e+00 4.0000000000e+04 1.0000000000e+12 1.0000000000e+12 0.0000000000e+00
n 213 1 1 -6.4000000000e+01 0.0000000000e+00 4.0000000000e+04 1.0000000000e+12 1.0000000000e+12 0.0000000000e+00
n 214 1 1 -6.4000000000e+01 0.0000000000e+00 4.0000000000e+04 1.0000000000e+12 1.0000000000e+12 0.0000000000e+00
n 215 1 1 -6.4000000000e+01 0.0000000000e+00 4.0000000000e+04 1.0000000000e+12 1.0000000000e+12 0.0000000000e+00
n 216 1 1 -6.4000000000e+01 0.0000000000e+00 4.0000000000e+04 1.0000000000e+12 1.0000000000e+12 0.0000000000e+00
n 217 1 1 -6.4000000000e+01 0.0000000000e+00 4.0000000000e+04 1.0000000000e+12 1.0000000000e+12 0.0000000000e+00
n 218 1 1 -6.4000000000e+01 0.0000000000e+00 4.0000000000e+04 1.0000000000e+12 1.0000000000e+12 0.0000000000e+00
n 219 1 1 -6.4000000000e+01 0.0000000000e+00 4.0000000000e+04 1.0000000000e+12 1.0000000000e+12 0.0000000000e+00
n 220 1 1 -6.4000000000e+01 0.0000000000e+00 4.0000000000e+04 1.0000000000e+12 1.0000000000e+12 0.0000000000e+00
n 221 1 1 -6.4000000000e+01 0.0000000000e+00 4.0000000000e+04 1.0000000000e+12 1.0000000000e+12 0.0000000000e+00
n 222 1 1 -6.4000000000e+01 0.0000000000e+00 4.0000000000e+04 1.0000000000e+12 1.0000000000e+12 0.0000000000e+00
n 223 1 1 -6.4000000000e+01 0.0000000000e+00 4.0000000000e+04 1.0000000000e+12 1.0000000000e+12 0.0000000000e+00
n 224 1 1 -6.4000000000e+01 0.0000000000e+00 4.0000000000e+04 1.0000000000e+12 1.0000000000e+12 0.0000000000e+00
n 225 1 1 -6.4000000000e+01 0.0000000000e+00 4.0000000000e+04 1.0000000000e+12 1.0000000000e+12 0.0000000000e+00
n 226 1 1 -6.4000000000e+01 0.0000000000e+00 4.0000000000e+04 1.0000000000e+12 1.0000000000e+12 0.0000000000e+00
n 227 1 1 -6.4000000000e+01 0.0000000000e+00 4.0000000000e+04 1.0000000000e+12 1.0000000000e+12 0.0000000000e+00
n 228 1 1 -6.4000000000e+01 0.0000000000e+00 4.0000000000e+04 1.0000000000e+12 1.0000000000e+12 0.0000000000e+00
n 229 1 1 -6.4000000000e+01 0.0000000000e+00 4.0000000000e+04 1.0000000000e+12 1.0000000000e+12 0.0000000000e+00
n 230 1 1 -6.4000000000e+01 0.0000000000e+00 4.0000000000e+04 1.0000000000e+12 1.0000000000e+12 0.0000000000e+00
n 231 1 1 -6.4000000000e+01 0.0000000000e+00 4.0000000000e+04 1.0000000000e+12 1.0000000000e+12 0.0000000000e+00
n 232 1 1 -6.4000000000e+01 0.0000000000e+00 4.0000000000e+04 1.0000000000e+12 1.0000000000e+12 0.0000000000e+00
n 233 1 1 -6.4000000000e+01 0.0000000000e+00 4.0000000000e+04 1.0000000000e+12 1.0000000000e+12 0.0000000000e+00
n 234 1 1 -7.2000000000e+01 0.0000000000e+00 4.0000000000e+04 1.0000000000e+12 1.0000000000e+12 0.0000000000e+00
n 235 1 1 -7.2000000000e+01 0.0000000000e+00 4.0000000000e+04 1.0000000000e+12 1.0000000000e+12 0.0000000000e+00
n 236 1 1 -7.2000000000e+01 0.0000000000e+00 4.0000000000e+04 1.0000000000e+12 1.0000000000e+12 0.0000000000e+00
n 237 1 1 -7.2000000000e+01 0.0000000000e+00 4.0000000000e+04 1.0000000000e+12 1.0000000000e+12 0.0000000000e+00
n 238 1 1 -7.2000000000e+01 0.0000000000e+00 4.0000000000e+04 1.0000000000e+12 1.0000000000e+12 0.0000000000e+00
n 239 1 1 -7.2000000000e+01 0.0000000000e+00 4.0000000000e+04 1.0000000000e+12 1.0000000000e+12 0.0000000000e+00
n 240 1 1 -7.2000000000e+01 0.0000000000e+00 4.0000000000e+04 1.0000000000e+12 1.0000000000e+12 0.0000000000e+00
n 241 1 1 -7.2000000000e+01 0.0000000000e+00 4.0000000000e+04 1.0000000000e+12 1.0000000000e+12 0.0000000000e+00
n 242 1 1 -7.2000000000e+01 0.0000000000e+00 4.0000000000e+04 1.0000000000e+12 1.0000000000e+12 0.0000000000e+00
n 243 1 1 -7.2000000000e+01 0.0000000000e+00 4.0000000000e+04 1.0000000000e+12 1.0000000000e+12 0.0000000000e+00
n 244 1 1 -7.2000000000e+01 0.0000000000e+00 4.0000000000e+04 1.0000000000e+12 1.0000000000e+12 0.0000000000e+00
n 245 1 1 -7.2000000000e+01 0.0000000000e+00 4.0000000000e+04 1.0000000000e+12 1.0000000000e+12 0.0000000000e+00
n 246 1 1 -7.2000000000e+01 0.0000000000e+00 4.0000000000e+04 1.0000000000e+12 1.0000000000e+12 0.0000000000e+00
n 247 1 1 -7.2000000000e+01 0.0000000000e+00 4.0000000000e+04 1.0000000000e+12 1.0000000000e+12 0.0000000000e+00
n 248 1 1 -7.2000000000e+01 0.0000000000e+00 4.0000000000e+04 1.0000000000e+12 1.0000000000e+12 0.0000000000e+00
n 249 1 1 -7.2000000000e+01 0.0000000000e+00 4.0000000000e+04 1.0000000000e+12 1.0000000000e+12 0.0000000000e+00
n 250 1 1 -7.2000000000e+01 0.0000000000e+00 4.0000000000e+04 1.0000000000e+12 1.0000000000e+12 0.0000000000e+00
n 251 1 1 -7.2000000000e+01 0.0000000000e+00 4.0000000000e+04 1.0000000000e+12 1.0000000000e+12 0.0000000000e+00
n 252 1 1 -7.2000000000e+01 0.0000000000e+00 4.0000000000e+04 1.0000000000e+12 1.0000000000e+12 0.0000000000e+00
n 253 1 1 -7.2000000000e+01 0.0000000000e+00 4.0000000000e+04 1.0000000000e+12 1.0000000000e+12 0.0000000000e+00
n 254 1 1 -7.2000000000e+01 0.0000000000e+00 4.0000000000e+04 1.0000000000e+12 1.0000000000e+12 0.0000000000e+00
n 255 1 1 -7.2000000000e+01 0.0000000000e+00 4.0000000000e+04 1.0000000000e+12 1.0000000000e+12 0.0000000000e+00
n 256 1 1 -7.2000000000e+01 0.0000000000e+00 4.0000000000e+04 1.0000000000e+12 1.0000000000e+12 0.0000000000e+00
n 257 1 1 -7.2000000000e+01 0.0000000000e+00 4.0000000000e+04 1.0000000000e+12 1.0000000000e+12 0.0000000000e+00
n 258 1 1 -7.2000000000e+01 0.0000000000e+00 4.0000000000e+04 1.0000000000e+12 1.0000000000e+12 0.0000000000e+00
n 259 1 1 -7.2000000000e+01 0.0000000000e+00 4.0000000000e+04 1.0000000000e+12 1.0000000000e+12 0.0000000000e+00
n 260 1 1 -8.0000000000e+01 0.0000000000e+00 4.0000000000e+04 1.0000000000e+12 1.0000000000e+12 0.0000000000e+00
n 261 1 1 -8.0000000000e+01 0.0000000000e+00 4.0000000000e+04 1.0000000000e+12 1.0000000000e+12 0.0000000000e+00
n 262 1 1 -8.0000000000e+01 0.0000000000e+00 4.0000000000e+04 1.0000000000e+12 1.0000000000e+12 0.0000000000e+00
n 263 1 1 -8.0000000000e+01 0.0000000000e+00 4.0000000000e+04 1.0000000000e+12 1.0000000000e+12 0.0000000000e+00
n 264 1 1 -8.0000000000e+01 0.0000000000e+00 4.0000000000e+04 1.0000000000e+12 1.0000000000e+12 0.0000000000e+00
n 265 1 1 -8.0000000000e+01 0.0000000000e+00 4.0000000000e+04 1.0000000000e+12 1.0000000000e+12 0.0000000000e+00
n 266 1 1 -8.0000000000e+01 0.0000000000e+00 4.0000000000e+04 1.0000000000e+12 1.0000000000e+12 0.0000000000e+00
n 267 1 1 -8.0000000000e+01 0.0000000000e+00 4.0000000000e+04 1.0000000000e+12 1.0000000000e+12 0.0000000000e+00
n 268 1 1 -8.0000000000e+01 0.0000000000e+00 4.0000000000e+04 1.0000000000e+12 1.0000000000e+12 0.0000000000e+00
n 269 1 1 -8.0000000000e+01 0.0000000000e+00 4.0000000000e+04 1.0000000000e+12 1.0000000000e+12 0.0000000000e+00
n 270 1 1 -8.0000000000e+01 0.0000000000e+00 4.0000000000e+04 1.0000000000e+12 1.0000000000e+12 0.0000000000e+00
n 271 1 1 -8.0000000000e+01 0.0000000000e+00 4.0000000000e+04 1.0000000000e+12 1.0000000000e+12 0.0000000000e+00
n 272 1 1 -8.0000000000e+01 0.0000000000e+00 4.0000000000e+04 1.0000000000e+12 1.0000000000e+12 0.0000000000e+00
n 273 1 1 -8.0000000000e+01 0.0000000000e+00 4.0000000000e+04 1.0000000000e+12 1.0000000000e+12 0.0000000000e+00
n 274 1 1 -8.0000000000e+01 0.0000000000e+00 4.0000000000e+04 1.0000000000e+12 1.0000000000e+12 0.0000000000e+00
n 275 1 1 -8.0000000000e+01 0.0000000000e+00 4.0000000000e+04 1.0000000000e+12 1.0000000000e+12 0.0000000000e+00
n 276 1 1 -8.0000000000e+01 0.0000000000e+00 4.0000000000e+04 1.0000000000e+12 1.0000000000e+12 0.0000000000e+00
n 277 1 1 -8.0000000000e+01 0.0000000000e+00 4.0000000000e+04 1.0000000000e+12 1.0000000000e+12 0.0000000000e+00
n 278 1 1 -8.0000000000e+01 0.0000000000e+00 4.0000000000e+04 1.0000000000e+12 1.0000000000e+12 0.0000000000e+00
n 279 1 1 -8.0000000000e+01 0.0000000000e+00 4.0000000000e+04 1.0000000000e+12 1.0000000000e+12 0.0000000000e+00
n 280 1 1 -8.0000000000e+01 0.0000000000e+00 4.0000000000e+04 1.0000000000e+12 1.0000000000e+12 0.0000000000e+00
n 281 1 1 -8.0000000000e+01 0.0000000000e+00 4.0000000000e+04 1.0000000000e+12 1.0000000000e+12 0.0000000000e+00
n 282 1 1 -8.0000000000e+01 0.0000000000e+00 4.0000000000e+04 1.0000000000e+12 1.0000000000e+12 0.0000000000e+00
n 283 1 1 -8.0000000000e+01 0.0000000000e+00 4.0000000000e+04 1.0000000000e+12 1.0000000000e+12 0.0000000000e+00
n 284 1 1 -8.0000000000e+01 0.0000000000e+00 4.0000000000e+04 1.0000000000e+12 1.0000000000e+12 0.0000000000e+00
n 285 1 1 -8.0000000000e+01 0.0000000000e+00 4.0000000000e+04 1.0000000000e+12 1.0000000000e+12 0.0000000000e+00
n 286 1 1 -8.8000000000e+01 0.0000000000e+00 4.0000000000e+04 1.0000000000e+12 1.0000000000e+12 0.0000000000e+00
n 287 1 1 -8.8000000000e+01 0.0000000000e+00 4.0000000000e+04 1.0000000000e+12 1.0000000000e+12 0.0000000000e+00
n 288 1 1 -8.8000000000e+01 0.0000000000e+00 4.0000000000e+04 1.0000000000e+12 1.0000000000e+12 0.0000000000e+00
n 289 1 1 -8.8000000000e+01 0.0000000000e+00 4.0000000000e+04 1.0000000000e+12 1.0000000000e+12 0.0000000000e+00
n 290 1 1 -8.8000000000e+01 0.0000000000e+00 4.0000000000e+04 1.0000000000e+12 1.0000000000e+12 0.0000000000e+00
n 291 1 1 -8.8000000000e+01 0.0000000000e+00 4.0000000000e+04 1.0000000000e+12 1.0000000000e+12 0.0000000000e+00
n 292 1 1 -8.8000000000e+01 0.0000000000e+00 4.0000000000e+04 1.0000000000e+12 1.0000000000e+12 0.0000000000e+00
n 293 1 1 -8.8000000000e+01 0.0000000000e+00 4.0000000000e+04 1.0000000000e+12 1.0000000000e+12 0.0000000000e+00
n 294 1 1 -8.8000000000e+01 0.0000000000e+00 4.0000000000e+04 1.0000000000e+12 1.0000000000e+12 0.0000000000e+00
n 295 1 1 -8.8000000000e+01 0.0000000000e+00 4.0000000000e+04 1.0000000000e+12 1.0000000000e+12 0.0000000000e+00
n 296 1 1 -8.8000000000e+01 0.0000000000e+00 4.0000000000e+04 1.0000000000e+12 1.0000000000e+12 0.0000000000e+00
n 297 1 1 -8.8000000000e+01 0.0000000000e+00 4.0000000000e+04 1.0000000000e+12 1.0000000000e+12 0.0000000000e+00
n 298 1 1 -8.8000000000e+01 0.0000000000e+00 4.0000000000e+04 1.0000000000e+12 1.0000000000e+12 0.0000000000e+00
n 299 1 1 -8.8000000000e+01 0.0000000000e+00 4.0000000000e+04 1.0000000000e+12 1.0000000000e+12 0.0000000000e+00
n 300 1 1 -8.8000000000e+01 0.0000000000e+00 4.0000000000e+04 1.0000000000e+12 1.0000000000e+12 0.0000000000e+00
n 301 1 1 -8.8000000000e+01 0.0000000000e+00 4.0000000000e+04 1.0000000000e+12 1.0000000000e+12 0.0000000000e+00
n 302 1 1 -8.8000000000e+01 0.0000000000e+00 4.0000000000e+04 1.0000000000e+12 1.0000000000e+12 0.0000000000e+00
n 303 1 1 -8.8000000000e+01 0.0000000000e+00 4.0000000000e+04 1.0000000000e+12 1.0000000000e+12 0.0000000000e+00
n 304 1 1 -8.8000000000e+01 0.0000000000e+00 4.0000000000e+04 1.0000000000e+12 1.0000000000e+12 0.0000000000e+00
n 305 1 1 -8.8000000000e+01 0.0000000000e+00 4.0000000000e+04 1.0000000000e+12 1.0000000000e+12 0.0000000000e+00
n 306 1 1 -8.8000000000e+01 0.0000000000e+00 4.0000000000e+04 1.0000000000e+12 1.0000000000e+12 0.0000000000e+00
n 307 1 1 -8.8000000000e+01 0.0000000000e+00 4.0000000000e+04 1.0000000000e+12 1.0000000000e+12 0.0000000000e+00
n 308 1 1 -8.8000000000e+01 0.0000000000e+00 4.0000000000e+04 1.0000000000e+12 1.0000000000e+12 0.0000000000e+00
n 309 1 1 -8.8000000000e+01 0.0000000000e+00 4.0000000000e+04 1.0000000000e+12 1.0000000000e+12 0.0000000000e+00
n 310 1 1 -8.8000000000e+01 0.0000000000e+00 4.0000000000e+04 1.0000000000e+12 1.0000000000e+12 0.0000000000e+00
n 311 1 1 -8.8000000000e+01 0.0000000000e+00 4.0000000000e+04 1.0000000000e+12 1.0000000000e+12 0.0000000000e+00
n 312 1 1 -9.6000000000e+01 0.0000000000e+00 4.0000000000e+04 1.0000000000e+12 1.0000000000e+12 0.0000000000e+00
n 313 1 1 -9.6000000000e+01 0.0000000000e+00 4.0000000000e+04 1.0000000000e+12 1.0000000000e+12 0.0000000000e+00
n 314 1 1 -9.6000000000e+01 0.0000000000e+00 4.0000000000e+04 1.0000000000e+12 1.0000000000e+12 0.0000000000e+00
n 315 1 1 -9.6000000000e+01 0.0000000000e+00 4.0000000000e+04 1.0000000000e+12 1.0000000000e+12 0.0000000000e+00
n 316 1 1 -9.6000000000e+01 0.0000000000e+00 4.0000000000e+04 1.0000000000e+12 1.0000000000e+12 0.0000000000e+00
n 317 1 1 -9.6000000000e+01 0.0000000000e+00 4.0000000000e+04 1.0000000000e+12 1.0000000000e+12 0.0000000000e+00
n 318 1 1 -9.6000000000e+01 0.0000000000e+00 4.0000000000e+04 1.0000000000e+12 1.0000000000e+12 0.0000000000e+00
n 319 1 1 -9.6000000000e+01 0.0000000000e+00 4.0000000000e+04 1.0000000000e+12 1.0000000000e+12 0.0000000000e+00
n 320 1 1 -9.6000000000e+01 0.0000000000e+00 4.0000000000e+04 1.0000000000e+12 1.0000000000e+12 0.0000000000e+00
n 321 1 1 -9.6000000000e+01 0.0000000000e+00 4.0000000000e+04 1.0000000000e+12 1.0000000000e+12 0.0000000000e+00
n 322 1 1 -9.6000000000e+01 0.0000000000e+00 4.0000000000e+04 1.0000000000e+12 1.0000000000e+12 0.0000000000e+00
n 323 1 1 -9.6000000000e+01 0.0000000000e+00 4.0000000000e+04 1.0000000000e+12 1.0000000000e+12 0.0000000000e+00
n 324 1 1 -9.6000000000e+01 0.0000000000e+00 4.0000000000e+04 1.0000000000e+12 1.0000000000e+12 0.0000000000e+00
n 325 1 1 -9.6000000000e+01 0.0000000000e+00 4.0000000000e+04 1.0000000000e+12 1.0000000000e+12 0.0000000000e+00
n 326 1 1 -9.6000000000e+01 0.0000000000e+00 4.0000000000e+04 1.0000000000e+12 1.0000000000e+12 0.0000000000e+00
n 327 1 1 -9.6000000000e+01 0.0000000000e+00 4.0000000000e+04 1.0000000000e+12 1.0000000000e+12 0.0000000000e+00
n 328 1 1 -9.6000000000e+01 0.0000000000e+00 4.0000000000e+04 1.0000000000e+12 1.0000000000e+12 0.0000000000e+00
n 329 1 1 -9.6000000000e+01 0.0000000000e+00 4.0000000000e+04 1.0000000000e+12 1.0000000000e+12 0.0000000000e+00
n 330 1 1 -9.6000000000e+01 0.0000000000e+00 4.0000000000e+04 1.0000000000e+12 1.0000000000e+12 0.0000000000e+00
n 331 1 1 -9.6000000000e+01 0.0000000000e+00 4.0000000000e+04 1.0000000000e+12 1.0000000000e+12 0.0000000000e+00
n 332 1 1 -9.6000000000e+01 0.0000000000e+00 4.0000000000e+04 1.0000000000e+12 1.0000000000e+12 0.0000000000e+00
n 333 1 1 -9.6000000000e+01 0.0000000000e+00 4.0000000000e+04 1.0000000000e+12 1.0000000000e+12 0.0000000000e+00
n 334 1 1 -9.6000000000e+01 0.0000000000e+00 4.0000000000e+04 1.0000000000e+12 1.0000000000e+12 0.0000000000e+00
n 335 1 1 -9.6000000000e+01 0.0000000000e+00 4.0000000000e+04 1.0000000000e+12 1.0000000000e+12 0.0000000000e+00
n 336 1 1 -9.6000000000e+01 0.0000000000e+00 4.0000000000e+04 1.0000000000e+12 1.0000000000e+12 0.0000000000e+00
n 337 1 1 -9.6000000000e+01 0.0000000000e+00 4.0000000000e+04 1.0000000000e+12 1.0000000000e+12 0.0000000000e+00
n 338 1 1 -1.0400000000e+02 0.0000000000e+00 4.0000000000e+04 1.0000000000e+12 1.0000000000e+12 0.0000000000e+00
n 339 1 1 -1.0400000000e+02 0.0000000000e+00 4.0000000000e+04 1.0000000000e+12 1.0000000000e+12 0.0000000000e+00
n 340 1 1 -1.0400000000e+02 0.0000000000e+00 4.0000000000e+04 1.0000000000e+12 1.0000000000e+12 0.0000000000e+00
n 341 1 1 -1.0400000000e+02 0.0000000000e+00 4.0000000000e+04 1.0000000000e+12 1.0000000000e+12 0.0000000000e+00
n 342 1 1 -1.0400000000e+02 0.0000000000e+00 4.0000000000e+04 1.0000000000e+12 1.0000000000e+12 0.0000000000e+00
n 343 1 1 -1.0400000000e+02 0.0000000000e+00 4.0000000000e+04 1.0000000000e+12 1.0000000000e+12 0.0000000000e+00
n 344 1 1 -1.0400000000e+02 0.0000000000e+00 4.0000000000e+04 1.0000000000e+12 1.0000000000e+12 0.0000000000e+00
n 345 1 1 -1.0400000000e+02 0.0000000000e+00 4.0000000000e+04 1.0000000000e+12 1.0000000000e+12 0.0000000000e+00
n 346 1 1 -1.0400000000e+02 0.0000000000e+00 4.0000000000e+04 1.0000000000e+12 1.0000000000e+12 0.0000000000e+00
n 347 1 1 -1.0400000000e+02 0.0000000000e+00 4.0000000000e+04 1.0000000000e+12 1.0000000000e+12 0.0000000000e+00
n 348 1 1 -1.0400000000e+02 0.0000000000e+00 4.0000000000e+04 1.0000000000e+12 1.0000000000e+12 0.0000000000e+00
n 349 1 1 -1.0400000000e+02 0.0000000000e+00 4.0000000000e+04 1.0000000000e+12 1.0000000000e+12 0.0000000000e+00
n 350 1 1 -1.0400000000e+02 0.0000000000e+00 4.0000000000e+04 1.0000000000e+12 1.0000000000e+12 0.0000000000e+00
n 351 1 1 -1.0400000000e+02 0.0000000000e+00 4.0000000000e+04 1.0000000000e+12 1.0000000000e+12 0.0000000000e+00
n 352 1 1 -1.0400000000e+02 0.0000000000e+00 4.0000000000e+04 1.0000000000e+12 1.0000000000e+12 0.0000000000e+00
n 353 1 1 -1.0400000000e+02 0.0000000000e+00 4.0000000000e+04 1.0000000000e+12 1.0000000000e+12 0.0000000000e+00
n 354 1 1 -1.0400000000e+02 0.0000000000e+00 4.0000000000e+04 1.0000000000e+12 1.0000000000e+12 0.0000000000e+00
n 355 1 1 -1.0400000000e+02 0.0000000000e+00 4.0000000000e+04 1.0000000000e+12 1.0000000000e+12 0.0000000000e+00
n 356 1 1 -1.0400000000e+02 0.0000000000e+00 4.0000000000e+04 1.0000000000e+12 1.0000000000e+12 0.0000000000e+00
n 357 1 1 -1.0400000000e+02 0.0000000000e+00 4.0000000000e+04 1.0000000000e+12 1.0000000000e+12 0.0000000000e+00
n 358 1 1 -1.0400000000e+02 0.0000000000e+00 4.0000000000e+04 1.0000000000e+12 1.0000000000e+12 0.0000000000e+00
n 359 1 1 -1.0400000000e+02 0.0000000000e+00 4.0000000000e+04 1.0000000000e+12 1.0000000000e+12 0.0000000000e+00
n 360 1 1 -1.0400000000e+02 0.0000000000e+00 4.0000000000e+04 1.0000000000e+12 1.0000000000e+12 0.0000000000e+00
n 361 1 1 -1.0400000000e+02 0.0000000000e+00 4.0000000000e+04 1.0000000000e+12 1.0000000000e+12 0.0000000000e+00
n 362 1 1 -1.0400000000e+02 0.0000000000e+00 4.0000000000e+04 1.0000000000e+12 1.0000000000e+12 0.0000000000e+00
n 363 1 1 -1.0400000000e+02 0.0000000000e+00 4.0000000000e+04 1.0000000000e+12 1.0000000000e+12 0.0000000000e+00
n 364 1 1 -1.1200000000e+02 0.0000000000e+00 4.0000000000e+04 1.0000000000e+12 1.0000000000e+12 0.0000000000e+00
n 365 1 1 -1.1200000000e+02 0.0000000000e+00 4.0000000000e+04 1.0000000000e+12 1.0000000000e+12 0.0000000000e+00
n 366 1 1 -1.1200000000e+02 0.0000000000e+00 4.0000000000e+04 1.0000000000e+12 1.0000000000e+12 0.0000000000e+00
n 367 1 1 -1.1200000000e+02 0.0000000000e+00 4.0000000000e+04 1.0000000000e+12 1.0000000000e+12 0.0000000000e+00
n 368 1 1 -1.1200000000e+02 0.0000000000e+00 4.0000000000e+04 1.0000000000e+12 1.0000000000e+12 0.0000000000e+00
n 369 1 1 -1.1200000000e+02 0.0000000000e+00 4.0000000000e+04 1.0000000000e+12 1.0000000000e+12 0.0000000000e+00
n 370 1 1 -1.1200000000e+02 0.0000000000e+00 4.0000000000e+04 1.0000000000e+12 1.0000000000e+12 0.0000000000e+00
n 371 1 1 -1.1200000000e+02 0.0000000000e+00 4.0000000000e+04 1.0000000000e+12 1.0000000000e+12 0.0000000000e+00
n 372 1 1 -1.1200000000e+02 0.0000000000e+00 4.0000000000e+04 1.0000000000e+12 1.0000000000e+12 0.0000000000e+00
n 373 1 1 -1.1200000000e+02 0.0000000000e+00 4.0000000000e+04 1.0000000000e+12 1.0000000000e+12 0.0000000000e+00
n 374 1 1 -1.1200000000e+02 0.0000000000e+00 4.0000000000e+04 1.0000000000e+12 1.0000000000e+12 0.0000000000e+00
n 375 1 1 -1.1200000000e+02 0.0000000000e+00 4.0000000000e+04 1.0000000000e+12 1.0000000000e+12 0.0000000000e+00
n 376 1 1 -1.1200000000e+02 0.0000000000e+00 4.0000000000e+04 1.0000000000e+12 1.0000000000e+12 0.0000000000e+00
n 377 1 1 -1.1200000000e+02 0.0000000000e+00 4.0000000000e+04 1.0000000000e+12 1.0000000000e+12 0.0000000000e+00
n 378 1 1 -1.1200000000e+02 0.0000000000e+00 4.0000000000e+04 1.0000000000e+12 1.0000000000e+12 0.0000000000e+00
n 379 1 1 -1.1200000000e+02 0.0000000000e+00 4.0000000000e+04 1.0000000000e+12 1.0000000000e+12 0.0000000000e+00
n 380 1 1 -1.1200000000e+02 0.0000000000e+00 4.0000000000e+04 1.0000000000e+12 1.0000000000e+12 0.0000000000e+00
n 381 1 1 -1.1200000000e+02 0.0000000000e+00 4.0000000000e+04 1.0000000000e+12 1.0000000000e+12 0.0000000000e+00
n 382 1 1 -1.1200000000e+02 0.0000000000e+00 4.0000000000e+04 1.0000000000e+12 1.0000000000e+12 0.0000000000e+00
n 383 1 1 -1.1200000000e+02 0.0000000000e+00 4.0000000000e+04 1.0000000000e+12 1.0000000000e+12 0.0000000000e+00
n 384 1 1 -1.1200000000e+02 0.0000000000e+00 4.0000000000e+04 1.0000000000e+12 1.0000000000e+12 0.0000000000e+00
n 385 1 1 -1.1200000000e+02 0.0000000000e+00 4.0000000000e+04 1.0000000000e+12 1.0000000000e+12 0.0000000000e+00
n 386 1 1 -1.1200000000e+02 0.0000000000e+00 4.0000000000e+04 1.0000000000e+12 1.0000000000e+12 0.0000000000e+00
n 387 1 1 -1.1200000000e+02 0.0000000000e+00 4.0000000000e+04 1.0000000000e+12 1.0000000000e+12 0.0000000000e+00
n 388 1 1 -1.1200000000e+02 0.0000000000e+00 4.0000000000e+04 1.0000000000e+12 1.0000000000e+12 0.0000000000e+00
n 389 1 1 -1.1200000000e+02 0.0000000000e+00 4.0000000000e+04 1.0000000000e+12 1.0000000000e+12 0.0000000000e+00
n 390 1 1 -1.2000000000e+02 0.0000000000e+00 4.0000000000e+04 1.0000000000e+12 1.0000000000e+12 0.0000000000e+00
n 391 1 1 -1.2000000000e+02 0.0000000000e+00 4.0000000000e+04 1.0000000000e+12 1.0000000000e+12 0.0000000000e+00
n 392 1 1 -1.2000000000e+02 0.0000000000e+00 4.0000000000e+04 1.0000000000e+12 1.0000000000e+12 0.0000000000e+00
n 393 1 1 -1.2000000000e+02 0.0000000000e+00 4.0000000000e+04 1.0000000000e+12 1.0000000000e+12 0.0000000000e+00
n 394 1 1 -1.2000000000e+02 0.0000000000e+00 4.0000000000e+04 1.0000000000e+12 1.0000000000e+12 0.0000000000e+00
n 395 1 1 -1.2000000000e+02 0.0000000000e+00 4.0000000000e+04 1.0000000000e+12 1.0000000000e+12 0.0000000000e+00
n 396 1 1 -1.2000000000e+02 0.0000000000e+00 4.0000000000e+04 1.0000000000e+12 1.0000000000e+12 0.0000000000e+00
n 397 1 1 -1.2000000000e+02 0.0000000000e+00 4.0000000000e+04 1.0000000000e+12 1.0000000000e+12 0.0000000000e+00
n 398 1 1 -1.2000000000e+02 0.0000000000e+00 4.0000000000e+04 1.0000000000e+12 1.0000000000e+12 0.0000000000e+00
n 399 1 1 -1.2000000000e+02 0.0000000000e+00 4.0000000000e+04 1.0000000000e+12 1.0000000000e+12 0.0000000000e+00
n 400 1 1 -1.2000000000e+02 0.0000000000e+00 4.0000000000e+04 1.0000000000e+12 1.0000000000e+12 0.0000000000e+00
n 401 1 1 -1.2000000000e+02 0.0000000000e+00 4.0000000000e+04 1.0000000000e+12 1.0000000000e+12 0.0000000000e+00
n 402 1 1 -1.2000000000e+02 0.0000000000e+00 4.0000000000e+04 1.0000000000e+12 1.0000000000e+12 0.0000000000e+00
n 403 1 1 -1.2000000000e+02 0.0000000000e+00 4.0000000000e+04 1.0000000000e+12 1.0000000000e+12 0.0000000000e+00
n 404 1 1 -1.2000000000e+02 0.0000000000e+00 4.0000000000e+04 1.0000000000e+12 1.0000000000e+12 0.0000000000e+00
n 405 1 1 -1.2000000000e+02 0.0000000000e+00 4.0000000000e+04 1.0000000000e+12 1.0000000000e+12 0.0000000000e+00
n 406 1 1 -1.2000000000e+02 0.0000000000e+00 4.0000000000e+04 1.0000000000e+12 1.0000000000e+12 0.0000000000e+00
n 407 1 1 -1.2000000000e+02 0.0000000000e+00 4.0000000000e+04 1.0000000000e+12 1.0000000000e+12 0.0000000000e+00
n 408 1 1 -1.2000000000e+02 0.0000000000e+00 4.0000000000e+04 1.0000000000e+12 1.0000000000e+12 0.0000000000e+00
n 409 1 1 -1.2000000000e+02 0.0000000000e+00 4.0000000000e+04 1.0000000000e+12 1.0000000000e+12 0.0000000000e+00
n 410 1 1 -1.2000000000e+02 0.0000000000e+00 4.0000000000e+04 1.0000000000e+12 1.0000000000e+12 0.0000000000e+00
n 411 1 1 -1.2000000000e+02 0.0000000000e+00 4.0000000000e+04 1.0000000000e+12 1.0000000000e+12 0.0000000000e+00
n 412 1 1 -1.2000000000e+02 0.0000000000e+00 4.0000000000e+04 1.0000000000e+12 1.0000000000e+12 0.0000000000e+00
n 413 1 1 -1.2000000000e+02 0.0000000000e+00 4.0000000000e+04 1.0000000000e+12 1.0000000000e+12 0.0000000000e+00
n 414 1 1 -1.2000000000e+02 0.0000000000e+00 4.0000000000e+04 1.0000000000e+12 1.0000000000e+12 0.0000000000e+00
n 415 1 1 -1.2000000000e+02 0.0000000000e+00 4.0000000000e+04 1.0000000000e+12 1.0000000000e+12 0.0000000000e+00
n 416 1 1 -1.2800000000e+02 0.0000000000e+00 4.0000000000e+04 1.0000000000e+12 1.0000000000e+12 0.0000000000e+00
n 417 1 1 -1.2800000000e+02 0.0000000000e+00 4.0000000000e+04 1.0000000000e+12 1.0000000000e+12 0.0000000000e+00
n 418 1 1 -1.2800000000e+02 0.0000000000e+00 4.0000000000e+04 1.0000000000e+12 1.0000000000e+12 0.0000000000e+00
n 419 1 1 -1.2800000000e+02 0.0000000000e+00 4.0000000000e+04 1.0000000000e+12 1.0000000000e+12 0.0000000000e+00
n 420 1 1 -1.2800000000e+02 0.0000000000e+00 4.0000000000e+04 1.0000000000e+12 1.0000000000e+12 0.0000000000e+00
n 421 1 1 -1.2800000000e+02 0.0000000000e+00 4.0000000000e+04 1.0000000000e+12 1.0000000000e+12 0.0000000000e+00
n 422 1 1 -1.2800000000e+02 0.0000000000e+00 4.0000000000e+04 1.0000000000e+12 1.0000000000e+12 0.0000000000e+00
n 423 1 1 -1.2800000000e+02 0.0000000000e+00 4.0000000000e+04 1.0000000000e+12 1.0000000000e+12 0.0000000000e+00
n 424 1 1 -1.2800000000e+02 0.0000000000e+00 4.0000000000e+04 1.0000000000e+12 1.0000000000e+12 0.0000000000e+00
n 425 1 1 -1.2800000000e+02 0.0000000000e+00 4.0000000000e+04 1.0000000000e+12 1.0000000000e+12 0.0000000000e+00
n 426 1 1 -1.2800000000e+02 0.0000000000e+00 4.0000000000e+04 1.0000000000e+12 1.0000000000e+12 0.0000000000e+00
n 427 1 1 -1.2800000000e+02 0.0000000000e+00 4.0000000000e+04 1.0000000000e+12 1.0000000000e+12 0.0000000000e+00
n 428 1 1 -1.2800000000e+02 0.0000000000e+00 4.0000000000e+04 1.0000000000e+12 1.0000000000e+12 0.0000000000e+00
n 429 1 1 -1.2800000000e+02 0.0000000000e+00 4.0000000000e+04 1.0000000000e+12 1.0000000000e+12 0.0000000000e+00
n 430 1 1 -1.2800000000e+02 0.0000000000e+00 4.0000000000e+04 1.0000000000e+12 1.0000000000e+12 0.0000000000e+00
n 431 1 1 -1.2800000000e+02 0.0000000000e+00 4.0000000000e+04 1.0000000000e+12 1.0000000000e+12 0.0000000000e+00
n 432 1 1 -1.2800000000e+02 0.0000000000e+00 4.0000000000e+04 1.0000000000e+12 1.0000000000e+12 0.0000000000e+00
n 433 1 1 -1.2800000000e+02 0.0000000000e+00 4.0000000000e+04 1.0000000000e+12 1.0000000000e+12 0.0000000000e+00
n 434 1 1 -1.2800000000e+02 0.0000000000e+00 4.0000000000e+04 1.0000000000e+12 1.0000000000e+12 0.0000000000e+00
n 435 1 1 -1.2800000000e+02 0.0000000000e+00 4.0000000000e+04 1.0000000000e+12 1.0000000000e+12 0.0000000000e+00
n 436 1 1 -1.2800000000e+02 0.0000000000e+00 4.0000000000e+04 1.0000000000e+12 1.0000000000e+12 0.0000000000e+00
n 437 1 1 -1.2800000000e+02 0.0000000000e+00 4.0000000000e+04 1.0000000000e+12 1.0000000000e+12 0.0000000000e+00
n 438 1 1 -1.2800000000e+02 0.0000000000e+00 4.0000000000e+04 1.0000000000e+12 1.0000000000e+12 0.0000000000e+00
n 439 1 1 -1.2800000000e+02 0.0000000000e+00 4.0000000000e+04 1.0000000000e+12 1.0000000000e+12 0.0000000000e+00
n 440 1 1 -1.2800000000e+02 0.0000000000e+00 4.0000000000e+04 1.0000000000e+12 1.0000000000e+12 0.0000000000e+00
n 441 1 1 -1.2800000000e+02 0.0000000000e+00 4.0000000000e+04 1.0000000000e+12 1.0000000000e+12 0.0000000000e+00
n 442 1 1 -1.3600000000e+02 0.0000000000e+00 4.0000000000e+04 1.0000000000e+12 1.0000000000e+12 0.0000000000e+00
n 443 1 1 -1.3600000000e+02 0.0000000000e+00 4.0000000000e+04 1.0000000000e+12 1.0000000000e+12 0.0000000000e+00
n 444 1 1 -1.3600000000e+02 0.0000000000e+00 4.0000000000e+04 1.0000000000e+12 1.0000000000e+12 0.0000000000e+00
n 445 1 1 -1.3600000000e+02 0.0000000000e+00 4.0000000000e+04 1.0000000000e+12 1.0000000000e+12 0.0000000000e+00
n 446 1 1 -1.3600000000e+02 0.0000000000e+00 4.0000000000e+04 1.0000000000e+12 1.0000000000e+12 0.0000000000e+00
n 447 1 1 -1.3600000000e+02 0.0000000000e+00 4.0000000000e+04 1.0000000000e+12 1.0000000000e+12 0.0000000000e+00
n 448 1 1 -1.3600000000e+02 0.0000000000e+00 4.0000000000e+04 1.0000000000e+12 1.0000000000e+12 0.0000000000e+00
n 449 1 1 -1.3600000000e+02 0.0000000000e+00 4.0000000000e+04 1.0000000000e+12 1.0000000000e+12 0.0000000000e+00
n 450 1 1 -1.3600000000e+02 0.0000000000e+00 4.0000000000e+04 1.0000000000e+12 1.0000000000e+12 0.0000000000e+00
n 451 1 1 -1.3600000000e+02 0.0000000000e+00 4.0000000000e+04 1.0000000000e+12 1.0000000000e+12 0.0000000000e+00
n 452 1 1 -1.3600000000e+02 0.0000000000e+00 4.0000000000e+04 1.0000000000e+12 1.0000000000e+12 0.0000000000e+00
n 453 1 1 -1.3600000000e+02 0.0000000000e+00 4.0000000000e+04 1.0000000000e+12 1.0000000000e+12 0.0000000000e+00
n 454 1 1 -1.3600000000e+02 0.0000000000e+00 4.0000000000e+04 1.0000000000e+12 1.0000000000e+12 0.0000000000e+00
n 455 1 1 -1.3600000000e+02 0.0000000000e+00 4.0000000000e+04 1.0000000000e+12 1.0000000000e+12 0.0000000000e+00
n 456 1 1 -1.3600000000e+02 0.0000000000e+00 4.0000000000e+04 1.0000000000e+12 1.0000000000e+12 0.0000000000e+00
n 457 1 1 -1.3600000000e+02 0.0000000000e+00 4.0000000000e+04 1.0000000000e+12 1.0000000000e+12 0.0000000000e+00
n 458 1 1 -1.3600000000e+02 0.0000000000e+00 4.0000000000e+04 1.0000000000e+12 1.0000000000e+12 0.0000000000e+00
n 459 1 1 -1.3600000000e+02 0.0000000000e+00 4.0000000000e+04 1.0000000000e+12 1.0000000000e+12 0.0000000000e+00
n 460 1 1 -1.3600000000e+02 0.0000000000e+00 4.0000000000e+04 1.0000000000e+12 1.0000000000e+12 0.0000000000e+00
n 461 1 1 -1.3600000000e+02 0.0000000000e+00 4.0000000000e+04 1.0000000000e+12 1.0000000000e+12 0.0000000000e+00
n 462 1 1 -1.3600000000e+02 0.0000000000e+00 4.0000000000e+04 1.0000000000e+12 1.0000000000e+12 0.0000000000e+00
n 463 1 1 -1.3600000000e+02 0.0000000000e+00 4.0000000000e+04 1.0000000000e+12 1.0000000000e+12 0.0000000000e+00
n 464 1 1 -1.3600000000e+02 0.0000000000e+00 4.0000000000e+04 1.0000000000e+12 1.0000000000e+12 0.0000000000e+00
n 465 1 1 -1.3600000000e+02 0.0000000000e+00 4.0000000000e+04 1.0000000000e+12 1.0000000000e+12 0.0000000000e+00
n 466 1 1 -1.3600000000e+02 0.0000000000e+00 4.0000000000e+04 1.0000000000e+12 1.0000000000e+12 0.0000000000e+00
n 467 1 1 -1.3600000000e+02 0.0000000000e+00 4.0000000000e+04 1.0000000000e+12 1.0000000000e+12 0.0000000000e+00
n 468 1 1 -1.4400000000e+02 0.0000000000e+00 4.0000000000e+04 1.0000000000e+12 1.0000000000e+12 0.0000000000e+00
n 469 1 1 -1.4400000000e+02 0.0000000000e+00 4.0000000000e+04 1.0000000000e+12 1.0000000000e+12 0.0000000000e+00
n 470 1 1 -1.4400000000e+02 0.0000000000e+00 4.0000000000e+04 1.0000000000e+12 1.0000000000e+12 0.0000000000e+00
n 471 1 1 -1.4400000000e+02 0.0000000000e+00 4.0000000000e+04 1.0000000000e+12 1.0000000000e+12 0.0000000000e+00
n 472 1 1 -1.4400000000e+02 0.0000000000e+00 4.0000000000e+04 1.0000000000e+12 1.0000000000e+12 0.0000000000e+00
n 473 1 1 -1.4400000000e+02 0.0000000000e+00 4.0000000000e+04 1.0000000000e+12 1.0000000000e+12 0.0000000000e+00
n 474 1 1 -1.4400000000e+02 0.0000000000e+00 4.0000000000e+04 1.0000000000e+12 1.0000000000e+12 0.0000000000e+00
n 475 1 1 -1.4400000000e+02 0.0000000000e+00 4.0000000000e+04 1.0000000000e+12 1.0000000000e+12 0.0000000000e+00
n 476 1 1 -1.4400000000e+02 0.0000000000e+00 4.0000000000e+04 1.0000000000e+12 1.0000000000e+12 0.0000000000e+00
n 477 1 1 -1.4400000000e+02 0.0000000000e+00 4.0000000000e+04 1.0000000000e+12 1.0000000000e+12 0.0000000000e+00
n 478 1 1 -1.4400000000e+02 0.0000000000e+00 4.0000000000e+04 1.0000000000e+12 1.0000000000e+12 0.0000000000e+00
n 479 1 1 -1.4400000000e+02 0.0000000000e+00 4.0000000000e+04 1.0000000000e+12 1.0000000000e+12 0.0000000000e+00
n 480 1 1 -1.4400000000e+02 0.0000000000e+00 4.0000000000e+04 1.0000000000e+12 1.0000000000e+12 0.0000000000e+00
n 481 1 1 -1.4400000000e+02 0.0000000000e+00 4.0000000000e+04 1.0000000000e+12 1.0000000000e+12 0.0000000000e+00
n 482 1 1 -1.4400000000e+02 0.0000000000e+00 4.0000000000e+04 1.0000000000e+12 1.0000000000e+12 0.0000000000e+00
n 483 1 1 -1.4400000000e+02 0.0000000000e+00 4.0000000000e+04 1.0000000000e+12 1.0000000000e+12 0.0000000000e+00
n 484 1 1 -1.4400000000e+02 0.0000000000e+00 4.0000000000e+04 1.0000000000e+12 1.0000000000e+12 0.0000000000e+00
n 485 1 1 -1.4400000000e+02 0.0000000000e+00 4.0000000000e+04 1.0000000000e+12 1.0000000000e+12 0.0000000000e+00
n 486 1 1 -1.4400000000e+02 0.0000000000e+00 4.0000000000e+04 1.0000000000e+12 1.0000000000e+12 0.0000000000e+00
n 487 1 1 -1.4400000000e+02 0.0000000000e+00 4.0000000000e+04 1.0000000000e+12 1.0000000000e+12 0.0000000000e+00
n 488 1 1 -1.4400000000e+02 0.0000000000e+00 4.0000000000e+04 1.0000000000e+12 1.0000000000e+12 0.0000000000e+00
n 489 1 1 -1.4400000000e+02 0.0000000000e+00 4.0000000000e+04 1.0000000000e+12 1.0000000000e+12 0.0000000000e+00
n 490 1 1 -1.4400000000e+02 0.0000000000e+00 4.0000000000e+04 1.0000000000e+12 1.0000000000e+12 0.0000000000e+00
n 491 1 1 -1.4400000000e+02 0.0000000000e+00 4.0000000000e+04 1.0000000000e+12 1.0000000000e+12 0.0000000000e+00
n 492 1 1 -1.4400000000e+02 0.0000000000e+00 4.0000000000e+04 1.0000000000e+12 1.0000000000e+12 0.0000000000e+00
n 493 1 1 -1.4400000000e+02 0.0000000000e+00 4.0000000000e+04 1.0000000000e+12 1.0000000000e+12 0.0000000000e+00
n 494 1 1 -1.5200000000e+02 0.0000000000e+00 4.0000000000e+04 1.0000000000e+12 1.0000000000e+12 0.0000000000e+00
n 495 1 1 -1.5200000000e+02 0.0000000000e+00 4.0000000000e+04 1.0000000000e+12 1.0000000000e+12 0.0000000000e+00
n 496 1 1 -1.5200000000e+02 0.0000000000e+00 4.0000000000e+04 1.0000000000e+12 1.0000000000e+12 0.0000000000e+00
n 497 1 1 -1.5200000000e+02 0.0000000000e+00 4.0000000000e+04 1.0000000000e+12 1.0000000000e+12 0.0000000000e+00
n 498 1 1 -1.5200000000e+02 0.0000000000e+00 4.0000000000e+04 1.0000000000e+12 1.0000000000e+12 0.0000000000e+00
n 499 1 1 -1.5200000000e+02 0.0000000000e+00 4.0000000000e+04 1.0000000000e+12 1.0000000000e+12 0.0000000000e+00
n 500 1 1 -1.5200000000e+02 0.0000000000e+00 4.0000000000e+04 1.0000000000e+12 1.0000000000e+12 0.0000000000e+00
n 501 1 1 -1.5200000000e+02 0.0000000000e+00 4.0000000000e+04 1.0000000000e+12 1.0000000000e+12 0.0000000000e+00
n 502 1 1 -1.5200000000e+02 0.0000000000e+00 4.0000000000e+04 1.0000000000e+12 1.0000000000e+12 0.0000000000e+00
n 503 1 1 -1.5200000000e+02 0.0000000000e+00 4.0000000000e+04 1.0000000000e+12 1.0000000000e+12 0.0000000000e+00
n 504 1 1 -1.5200000000e+02 0.0000000000e+00 4.0000000000e+04 1.0000000000e+12 1.0000000000e+12 0.0000000000e+00
n 505 1 1 -1.5200000000e+02 0.0000000000e+00 4.0000000000e+04 1.0000000000e+12 1.0000000000e+12 0.0000000000e+00
n 506 1 1 -1.5200000000e+02 0.0000000000e+00 4.0000000000e+04 1.0000000000e+12 1.0000000000e+12 0.0000000000e+00
n 507 1 1 -1.5200000000e+02 0.0000000000e+00 4.0000000000e+04 1.0000000000e+12 1.0000000000e+12 0.0000000000e+00
n 508 1 1 -1.5200000000e+02 0.0000000000e+00 4.0000000000e+04 1.0000000000e+12 1.0000000000e+12 0.0000000000e+00
n 509 1 1 -1.5200000000e+02 0.0000000000e+00 4.0000000000e+04 1.0000000000e+12 1.0000000000e+12 0.0000000000e+00
n 510 1 1 -1.5200000000e+02 0.0000000000e+00 4.0000000000e+04 1.0000000000e+12 1.0000000000e+12 0.0000000000e+00
n 511 1 1 -1.5200000000e+02 0.0000000000e+00 4.0000000000e+04 1.0000000000e+12 1.0000000000e+12 0.0000000000e+00
n 512 1 1 -1.5200000000e+02 0.0000000000e+00 4.0000000000e+04 1.0000000000e+12 1.0000000000e+12 0.0000000000e+00
n 513 1 1 -1.5200000000e+02 0.0000000000e+00 4.0000000000e+04 1.0000000000e+12 1.0000000000e+12 0.0000000000e+00
n 514 1 1 -1.5200000000e+02 0.0000000000e+00 4.0000000000e+04 1.0000000000e+12 1.0000000000e+12 0.0000000000e+00
n 515 1 1 -1.5200000000e+02 0.0000000000e+00 4.0000000000e+04 1.0000000000e+12 1.0000000000e+12 0.0000000000e+00
n 516 1 1 -1.5200000000e+02 0.0000000000e+00 4.0000000000e+04 1.0000000000e+12 1.0000000000e+12 0.0000000000e+00
n 517 1 1 -1.5200000000e+02 0.0000000000e+00 4.0000000000e+04 1.0000000000e+12 1.0000000000e+12 0.0000000000e+00
n 518 1 1 -1.5200000000e+02 0.0000000000e+00 4.0000000000e+04 1.0000000000e+12 1.0000000000e+12 0.0000000000e+00
n 519 1 1 -1.5200000000e+02 0.0000000000e+00 4.0000000000e+04 1.0000000000e+12 1.0000000000e+12 0.0000000000e+00
n 520 1 1 -1.6000000000e+02 0.0000000000e+00 4.0000000000e+04 1.0000000000e+12 1.0000000000e+12 0.0000000000e+00
n 521 1 1 -1.6000000000e+02 0.0000000000e+00 4.0000000000e+04 1.0000000000e+12 1.0000000000e+12 0.0000000000e+00
n 522 1 1 -1.6000000000e+02 0.0000000000e+00 4.0000000000e+04 1.0000000000e+12 1.0000000000e+12 0.0000000000e+00
n 523 1 1 -1.6000000000e+02 0.0000000000e+00 4.0000000000e+04 1.0000000000e+12 1.0000000000e+12 0.0000000000e+00
n 524 1 1 -1.6000000000e+02 0.0000000000e+00 4.0000000000e+04 1.0000000000e+12 1.0000000000e+12 0.0000000000e+00
n 525 1 1 -1.6000000000e+02 0.0000000000e+00 4.0000000000e+04 1.0000000000e+12 1.0000000000e+12 0.0000000000e+00
n 526 1 1 -1.6000000000e+02 0.0000000000e+00 4.0000000000e+04 1.0000000000e+12 1.0000000000e+12 0.0000000000e+00
n 527 1 1 -1.6000000000e+02 0.0000000000e+00 4.0000000000e+04 1.0000000000e+12 1.0000000000e+12 0.0000000000e+00
n 528 1 1 -1.6000000000e+02 0.0000000000e+00 4.0000000000e+04 1.0000000000e+12 1.0000000000e+12 0.0000000000e+00
n 529 1 1 -1.6000000000e+02 0.0000000000e+00 4.0000000000e+04 1.0000000000e+12 1.0000000000e+12 0.0000000000e+00
n 530 1 1 -1.6000000000e+02 0.0000000000e+00 4.0000000000e+04 1.0000000000e+12 1.0000000000e+12 0.0000000000e+00
n 531 1 1 -1.6000000000e+02 0.0000000000e+00 4.0000000000e+04 1.0000000000e+12 1.0000000000e+12 0.0000000000e+00
n 532 1 1 -1.6000000000e+02 0.0000000000e+00 4.0000000000e+04 1.0000000000e+12 1.0000000000e+12 0.0000000000e+00
n 533 1 1 -1.6000000000e+02 0.0000000000e+00 4.0000000000e+04 1.0000000000e+12 1.0000000000e+12 0.0000000000e+00
n 534 1 1 -1.6000000000e+02 0.0000000000e+00 4.0000000000e+04 1.0000000000e+12 1.0000000000e+12 0.0000000000e+00
n 535 1 1 -1.6000000000e+02 0.0000000000e+00 4.0000000000e+04 1.0000000000e+12 1.0000000000e+12 0.0000000000e+00
n 536 1 1 -1.6000000000e+02 0.0000000000e+00 4.0000000000e+04 1.0000000000e+12 1.0000000000e+12 0.0000000000e+00
n 537 1 1 -1.6000000000e+02 0.0000000000e+00 4.0000000000e+04 1.0000000000e+12 1.0000000000e+12 0.0000000000e+00
n 538 1 1 -1.6000000000e+02 0.0000000000e+00 4.0000000000e+04 1.0000000000e+12 1.0000000000e+12 0.0000000000e+00
n 539 1 1 -1.6000000000e+02 0.0000000000e+00 4.0000000000e+04 1.0000000000e+12 1.0000000000e+12 0.0000000000e+00
n 540 1 1 -1.6000000000e+02 0.0000000000e+00 4.0000000000e+04 1.0000000000e+12 1.0000000000e+12 0.0000000000e+00
n 541 1 1 -1.6000000000e+02 0.0000000000e+00 4.0000000000e+04 1.0000000000e+12 1.0000000000e+12 0.0000000000e+00
n 542 1 1 -1.6000000000e+02 0.0000000000e+00 4.0000000000e+04 1.0000000000e+12 1.0000000000e+12 0.0000000000e+00
n 543 1 1 -1.6000000000e+02 0.0000000000e+00 4.0000000000e+04 1.0000000000e+12 1.0000000000e+12 0.0000000000e+00
n 544 1 1 -1.6000000000e+02 0.0000000000e+00 4.0000000000e+04 1.0000000000e+12 1.0000000000e+12 0.0000000000e+00
n 545 1 1 -1.6000000000e+02 0.0000000000e+00 4.0000000000e+04 1.0000000000e+12 1.0000000000e+12 0.0000000000e+00
n 546 1 1 -1.6800000000e+02 0.0000000000e+00 4.0000000000e+04 1.0000000000e+12 1.0000000000e+12 0.0000000000e+00
n 547 1 1 -1.6800000000e+02 0.0000000000e+00 4.0000000000e+04 1.0000000000e+12 1.0000000000e+12 0.0000000000e+00
n 548 1 1 -1.6800000000e+02 0.0000000000e+00 4.0000000000e+04 1.0000000000e+12 1.0000000000e+12 0.0000000000e+00
n 549 1 1 -1.6800000000e+02 0.0000000000e+00 4.0000000000e+04 1.0000000000e+12 1.0000000000e+12 0.0000000000e+00
n 550 1 1 -1.6800000000e+02 0.0000000000e+00 4.0000000000e+04 1.0000000000e+12 1.0000000000e+12 0.0000000000e+00
n 551 1 1 -1.6800000000e+02 0.0000000000e+00 4.0000000000e+04 1.0000000000e+12 1.0000000000e+12 0.0000000000e+00
n 552 1 1 -1.6800000000e+02 0.0000000000e+00 4.0000000000e+04 1.0000000000e+12 1.0000000000e+12 0.0000000000e+00
n 553 1 1 -1.6800000000e+02 0.0000000000e+00 4.0000000000e+04 1.0000000000e+12 1.0000000000e+12 0.0000000000e+00
n 554 1 1 -1.6800000000e+02 0.0000000000e+00 4.0000000000e+04 1.0000000000e+12 1.0000000000e+12 0.0000000000e+00
n 555 1 1 -1.6800000000e+02 0.0000000000e+00 4.0000000000e+04 1.0000000000e+12 1.0000000000e+12 0.0000000000e+00
n 556 1 1 -1.6800000000e+02 0.0000000000e+00 4.0000000000e+04 1.0000000000e+12 1.0000000000e+12 0.0000000000e+00
n 557 1 1 -1.6800000000e+02 0.0000000000e+00 4.0000000000e+04 1.0000000000e+12 1.0000000000e+12 0.0000000000e+00
n 558 1 1 -1.6800000000e+02 0.0000000000e+00 4.0000000000e+04 1.0000000000e+12 1.0000000000e+12 0.0000000000e+00
n 559 1 1 -1.6800000000e+02 0.0000000000e+00 4.0000000000e+04 1.0000000000e+12 1.0000000000e+12 0.0000000000e+00
n 560 1 1 -1.6800000000e+02 0.0000000000e+00 4.0000000000e+04 1.0000000000e+12 1.0000000000e+12 0.0000000000e+00
n 561 1 1 -1.6800000000e+02 0.0000000000e+00 4.0000000000e+04 1.0000000000e+12 1.0000000000e+12 0.0000000000e+00
n 562 1 1 -1.6800000000e+02 0.0000000000e+00 4.0000000000e+04 1.0000000000e+12 1.0000000000e+12 0.0000000000e+00
n 563 1 1 -1.6800000000e+02 0.0000000000e+00 4.0000000000e+04 1.0000000000e+12 1.0000000000e+12 0.0000000000e+00
n 564 1 1 -1.6800000000e+02 0.0000000000e+00 4.0000000000e+04 1.0000000000e+12 1.0000000000e+12 0.0000000000e+00
n 565 1 1 -1.6800000000e+02 0.0000000000e+00 4.0000000000e+04 1.0000000000e+12 1.0000000000e+12 0.0000000000e+00
n 566 1 1 -1.6800000000e+02 0.0000000000e+00 4.0000000000e+04 1.0000000000e+12 1.0000000000e+12 0.0000000000e+00
n 567 1 1 -1.6800000000e+02 0.0000000000e+00 4.0000000000e+04 1.0000000000e+12 1.0000000000e+12 0.0000000000e+00
n 568 1 1 -1.6800000000e+02 0.0000000000e+00 4.0000000000e+04 1.0000000000e+12 1.0000000000e+12 0.0000000000e+00
n 569 1 1 -1.6800000000e+02 0.0000000000e+00 4.0000000000e+04 1.0000000000e+12 1.0000000000e+12 0.0000000000e+00
n 570 1 1 -1.6800000000e+02 0.0000000000e+00 4.0000000000e+04 1.0000000000e+12 1.0000000000e+12 0.0000000000e+00
n 571 1 1 -1.6800000000e+02 0.0000000000e+00 4.0000000000e+04 1.0000000000e+12 1.0000000000e+12 0.0000000000e+00
n 572 1 1 -1.7600000000e+02 0.0000000000e+00 4.0000000000e+04 1.0000000000e+12 1.0000000000e+12 0.0000000000e+00
n 573 1 1 -1.7600000000e+02 0.0000000000e+00 4.0000000000e+04 1.0000000000e+12 1.0000000000e+12 0.0000000000e+00
n 574 1 1 -1.7600000000e+02 0.0000000000e+00 4.0000000000e+04 1.0000000000e+12 1.0000000000e+12 0.0000000000e+00
n 575 1 1 -1.7600000000e+02 0.0000000000e+00 4.0000000000e+04 1.0000000000e+12 1.0000000000e+12 0.0000000000e+00
n 576 1 1 -1.7600000000e+02 0.0000000000e+00 4.0000000000e+04 1.0000000000e+12 1.0000000000e+12 0.0000000000e+00
n 577 1 1 -1.7600000000e+02 0.0000000000e+00 4.0000000000e+04 1.0000000000e+12 1.0000000000e+12 0.0000000000e+00
n 578 1 1 -1.7600000000e+02 0.0000000000e+00 4.0000000000e+04 1.0000000000e+12 1.0000000000e+12 0.0000000000e+00
n 579 1 1 -1.7600000000e+02 0.0000000000e+00 4.0000000000e+04 1.0000000000e+12 1.0000000000e+12 0.0000000000e+00
n 580 1 1 -1.7600000000e+02 0.0000000000e+00 4.0000000000e+04 1.0000000000e+12 1.0000000000e+12 0.0000000000e+00
n 581 1 1 -1.7600000000e+02 0.0000000000e+00 4.0000000000e+04 1.0000000000e+12 1.0000000000e+12 0.0000000000e+00
n 582 1 1 -1.7600000000e+02 0.0000000000e+00 4.0000000000e+04 1.0000000000e+12 1.0000000000e+12 0.0000000000e+00
n 583 1 1 -1.7600000000e+02 0.0000000000e+00 4.0000000000e+04 1.0000000000e+12 1.0000000000e+12 0.0000000000e+00
n 584 1 1 -1.7600000000e+02 0.0000000000e+00 4.0000000000e+04 1.0000000000e+12 1.0000000000e+12 0.0000000000e+00
n 585 1 1 -1.7600000000e+02 0.0000000000e+00 4.0000000000e+04 1.0000000000e+12 1.0000000000e+12 0.0000000000e+00
n 586 1 1 -1.7600000000e+02 0.0000000000e+00 4.0000000000e+04 1.0000000000e+12 1.0000000000e+12 0.0000000000e+00
n 587 1 1 -1.7600000000e+02 0.0000000000e+00 4.0000000000e+04 1.0000000000e+12 1.0000000000e+12 0.0000000000e+00
n 588 1 1 -1.7600000000e+02 0.0000000000e+00 4.0000000000e+04 1.0000000000e+12 1.0000000000e+12 0.0000000000e+00
n 589 1 1 -1.7600000000e+02 0.0000000000e+00 4.0000000000e+04 1.0000000000e+12 1.0000000000e+12 0.0000000000e+00
n 590 1 1 -1.7600000000e+02 0.0000000000e+00 4.0000000000e+04 1.0000000000e+12 1.0000000000e+12 0.0000000000e+00
n 591 1 1 -1.7600000000e+02 0.0000000000e+00 4.0000000000e+04 1.0000000000e+12 1.0000000000e+12 0.0000000000e+00
n 592 1 1 -1.7600000000e+02 0.0000000000e+00 4.0000000000e+04 1.0000000000e+12 1.0000000000e+12 0.0000000000e+00
n 593 1 1 -1.7600000000e+02 0.0000000000e+00 4.0000000000e+04 1.0000000000e+12 1.0000000000e+12 0.0000000000e+00
n 594 1 1 -1.7600000000e+02 0.0000000000e+00 4.0000000000e+04 1.0000000000e+12 1.0000000000e+12 0.0000000000e+00
n 595 1 1 -1.7600000000e+02 0.0000000000e+00 4.0000000000e+04 1.0000000000e+12 1.0000000000e+12 0.0000000000e+00
n 596 1 1 -1.7600000000e+02 0.0000000000e+00 4.0000000000e+04 1.0000000000e+12 1.0000000000e+12 0.0000000000e+00
n 597 1 1 -1.7600000000e+02 0.0000000000e+00 4.0000000000e+04 1.0000000000e+12 1.0000000000e+12 0.0000000000e+00
n 598 1 1 -1.8400000000e+02 0.0000000000e+00 4.0000000000e+04 1.0000000000e+12 1.0000000000e+12 0.0000000000e+00
n 599 1 1 -1.8400000000e+02 0.0000000000e+00 4.0000000000e+04 1.0000000000e+12 1.0000000000e+12 0.0000000000e+00
n 600 1 1 -1.8400000000e+02 0.0000000000e+00 4.0000000000e+04 1.0000000000e+12 1.0000000000e+12 0.0000000000e+00
n 601 1 1 -1.8400000000e+02 0.0000000000e+00 4.0000000000e+04 1.0000000000e+12 1.0000000000e+12 0.0000000000e+00
n 602 1 1 -1.8400000000e+02 0.0000000000e+00 4.0000000000e+04 1.0000000000e+12 1.0000000000e+12 0.0000000000e+00
n 603 1 1 -1.8400000000e+02 0.0000000000e+00 4.0000000000e+04 1.0000000000e+12 1.0000000000e+12 0.0000000000e+00
n 604 1 1 -1.8400000000e+02 0.0000000000e+00 4.0000000000e+04 1.0000000000e+12 1.0000000000e+12 0.0000000000e+00
n 605 1 1 -1.8400000000e+02 0.0000000000e+00 4.0000000000e+04 1.0000000000e+12 1.0000000000e+12 0.0000000000e+00
n 606 1 1 -1.8400000000e+02 0.0000000000e+00 4.0000000000e+04 1.0000000000e+12 1.0000000000e+12 0.0000000000e+00
n 607 1 1 -1.8400000000e+02 0.0000000000e+00 4.0000000000e+04 1.0000000000e+12 1.0000000000e+12 0.0000000000e+00
n 608 1 1 -1.8400000000e+02 0.0000000000e+00 4.0000000000e+04 1.0000000000e+12 1.0000000000e+12 0.0000000000e+00
n 609 1 1 -1.8400000000e+02 0.0000000000e+00 4.0000000000e+04 1.0000000000e+12 1.0000000000e+12 0.0000000000e+00
n 610 1 1 -1.8400000000e+02 0.0000000000e+00 4.0000000000e+04 1.0000000000e+12 1.0000000000e+12 0.0000000000e+00
n 611 1 1 -1.8400000000e+02 0.0000000000e+00 4.0000000000e+04 1.0000000000e+12 1.0000000000e+12 0.0000000000e+00
n 612 1 1 -1.8400000000e+02 0.0000000000e+00 4.0000000000e+04 1.0000000000e+12 1.0000000000e+12 0.0000000000e+00
n 613 1 1 -1.8400000000e+02 0.0000000000e+00 4.0000000000e+04 1.0000000000e+12 1.0000000000e+12 0.0000000000e+00
n 614 1 1 -1.8400000000e+02 0.0000000000e+00 4.0000000000e+04 1.0000000000e+12 1.0000000000e+12 0.0000000000e+00
n 615 1 1 -1.8400000000e+02 0.0000000000e+00 4.0000000000e+04 1.0000000000e+12 1.0000000000e+12 0.0000000000e+00
n 616 1 1 -1.8400000000e+02 0.0000000000e+00 4.0000000000e+04 1.0000000000e+12 1.0000000000e+12 0.0000000000e+00
n 617 1 1 -1.8400000000e+02 0.0000000000e+00 4.0000000000e+04 1.0000000000e+12 1.0000000000e+12 0.0000000000e+00
n 618 1 1 -1.8400000000e+02 0.0000000000e+00 4.0000000000e+04 1.0000000000e+12 1.0000000000e+12 0.0000000000e+00
n 619 1 1 -1.8400000000e+02 0.0000000000e+00 4.0000000000e+04 1.0000000000e+12 1.0000000000e+12 0.0000000000e+00
n 620 1 1 -1.8400000000e+02 0.0000000000e+00 4.0000000000e+04 1.0000000000e+12 1.0000000000e+12 0.0000000000e+00
n 621 1 1 -1.8400000000e+02 0.0000000000e+00 4.0000000000e+04 1.0000000000e+12 1.0000000000e+12 0.0000000000e+00
n 622 1 1 -1.8400000000e+02 0.0000000000e+00 4.0000000000e+04 1.0000000000e+12 1.0000000000e+12 0.0000000000e+00
n 623 1 1 -1.8400000000e+02 0.0000000000e+00 4.0000000000e+04 1.0000000000e+12 1.0000000000e+12 0.0000000000e+00
n 624 1 1 -1.9200000000e+02 0.0000000000e+00 4.0000000000e+04 1.0000000000e+12 1.0000000000e+12 0.0000000000e+00
n 625 1 1 -1.9200000000e+02 0.0000000000e+00 4.0000000000e+04 1.0000000000e+12 1.0000000000e+12 0.0000000000e+00
n 626 1 1 -1.9200000000e+02 0.0000000000e+00 4.0000000000e+04 1.0000000000e+12 1.0000000000e+12 0.0000000000e+00
n 627 1 1 -1.9200000000e+02 0.0000000000e+00 4.0000000000e+04 1.0000000000e+12 1.0000000000e+12 0.0000000000e+00
n 628 1 1 -1.9200000000e+02 0.0000000000e+00 4.0000000000e+04 1.0000000000e+12 1.0000000000e+12 0.0000000000e+00
n 629 1 1 -1.9200000000e+02 0.0000000000e+00 4.0000000000e+04 1.0000000000e+12 1.0000000000e+12 0.0000000000e+00
n 630 1 1 -1.9200000000e+02 0.0000000000e+00 4.0000000000e+04 1.0000000000e+12 1.0000000000e+12 0.0000000000e+00
n 631 1 1 -1.9200000000e+02 0.0000000000e+00 4.0000000000e+04 1.0000000000e+12 1.0000000000e+12 0.0000000000e+00
n 632 1 1 -1.9200000000e+02 0.0000000000e+00 4.0000000000e+04 1.0000000000e+12 1.0000000000e+12 0.0000000000e+00
n 633 1 1 -1.9200000000e+02 0.0000000000e+00 4.0000000000e+04 1.0000000000e+12 1.0000000000e+12 0.0000000000e+00
n 634 1 1 -1.9200000000e+02 0.0000000000e+00 4.0000000000e+04 1.0000000000e+12 1.0000000000e+12 0.0000000000e+00
n 635 1 1 -1.9200000000e+02 0.0000000000e+00 4.0000000000e+04 1.0000000000e+12 1.0000000000e+12 0.0000000000e+00
n 636 1 1 -1.9200000000e+02 0.0000000000e+00 4.0000000000e+04 1.0000000000e+12 1.0000000000e+12 0.0000000000e+00
n 637 1 1 -1.9200000000e+02 0.0000000000e+00 4.0000000000e+04 1.0000000000e+12 1.0000000000e+12 0.0000000000e+00
n 638 1 1 -1.9200000000e+02 0.0000000000e+00 4.0000000000e+04 1.0000000000e+12 1.0000000000e+12 0.0000000000e+00
n 639 1 1 -1.9200000000e+02 0.0000000000e+00 4.0000000000e+04 1.0000000000e+12 1.0000000000e+12 0.0000000000e+00
n 640 1 1 -1.9200000000e+02 0.0000000000e+00 4.0000000000e+04 1.0000000000e+12 1.0000000000e+12 0.0000000000e+00
n 641 1 1 -1.9200000000e+02 0.0000000000e+00 4.0000000000e+04 1.0000000000e+12 1.0000000000e+12 0.0000000000e+00
n 642 1 1 -1.9200000000e+02 0.0000000000e+00 4.0000000000e+04 1.0000000000e+12 1.0000000000e+12 0.0000000000e+00
n 643 1 1 -1.9200000000e+02 0.0000000000e+00 4.0000000000e+04 1.0000000000e+12 1.0000000000e+12 0.0000000000e+00
n 644 1 1 -1.9200000000e+02 0.0000000000e+00 4.0000000000e+04 1.0000000000e+12 1.0000000000e+12 0.0000000000e+00
n 645 1 1 -1.9200000000e+02 0.0000000000e+00 4.0000000000e+04 1.0000000000e+12 1.0000000000e+12 0.0000000000e+00
n 646 1 1 -1.9200000000e+02 0.0000000000e+00 4.0000000000e+04 1.0000000000e+12 1.0000000000e+12 0.0000000000e+00
n 647 1 1 -1.9200000000e+02 0.0000000000e+00 4.0000000000e+04 1.0000000000e+12 1.0000000000e+12 0.0000000000e+00
n 648 1 1 -1.9200000000e+02 0.0000000000e+00 4.0000000000e+04 1.0000000000e+12 1.0000000000e+12 0.0000000000e+00
n 649 1 1 -1.9200000000e+02 0.0000000000e+00 4.0000000000e+04 1.0000000000e+12 1.0000000000e+12 0.0000000000e+00
n 650 1 1 -2.0000000000e+02 0.0000000000e+00 4.0000000000e+04 1.0000000000e+12 1.0000000000e+12 0.0000000000e+00
n 651 1 1 -2.0000000000e+02 0.0000000000e+00 4.0000000000e+04 1.0000000000e+12 1.0000000000e+12 0.0000000000e+00
n 652 1 1 -2.0000000000e+02 0.0000000000e+00 4.0000000000e+04 1.0000000000e+12 1.0000000000e+12 0.0000000000e+00
n 653 1 1 -2.0000000000e+02 0.0000000000e+00 4.0000000000e+04 1.0000000000e+12 1.0000000000e+12 0.0000000000e+00
n 654 1 1 -2.0000000000e+02 0.0000000000e+00 4.0000000000e+04 1.0000000000e+12 1.0000000000e+12 0.0000000000e+00
n 655 1 1 -2.0000000000e+02 0.0000000000e+00 4.0000000000e+04 1.0000000000e+12 1.0000000000e+12 0.0000000000e+00
n 656 1 1 -2.0000000000e+02 0.0000000000e+00 4.0000000000e+04 1.0000000000e+12 1.0000000000e+12 0.0000000000e+00
n 657 1 1 -2.0000000000e+02 0.0000000000e+00 4.0000000000e+04 1.0000000000e+12 1.0000000000e+12 0.0000000000e+00
n 658 1 1 -2.0000000000e+02 0.0000000000e+00 4.0000000000e+04 1.0000000000e+12 1.0000000000e+12 0.0000000000e+00
n 659 1 1 -2.0000000000e+02 0.0000000000e+00 4.0000000000e+04 1.0000000000e+12 1.0000000000e+12 0.0000000000e+00
n 660 1 1 -2.0000000000e+02 0.0000000000e+00 4.0000000000e+04 1.0000000000e+12 1.0000000000e+12 0.0000000000e+00
n 661 1 1 -2.0000000000e+02 0.0000000000e+00 4.0000000000e+04 1.0000000000e+12 1.0000000000e+12 0.0000000000e+00
n 662 1 1 -2.0000000000e+02 0.0000000000e+00 4.0000000000e+04 1.0000000000e+12 1.0000000000e+12 0.0000000000e+00
n 663 1 1 -2.0000000000e+02 0.0000000000e+00 4.0000000000e+04 1.0000000000e+12 1.0000000000e+12 0.0000000000e+00
n 664 1 1 -2.0000000000e+02 0.0000000000e+00 4.0000000000e+04 1.0000000000e+12 1.0000000000e+12 0.0000000000e+00
n 665 1 1 -2.0000000000e+02 0.0000000000e+00 4.0000000000e+04 1.0000000000e+12 1.0000000000e+12 0.0000000000e+00
n 666 1 1 -2.0000000000e+02 0.0000000000e+00 4.0000000000e+04 1.0000000000e+12 1.0000000000e+12 0.0000000000e+00
n 667 1 1 -2.0000000000e+02 0.0000000000e+00 4.0000000000e+04 1.0000000000e+12 1.0000000000e+12 0.0000000000e+00
n 668 1 1 -2.0000000000e+02 0.0000000000e+00 4.0000000000e+04 1.0000000000e+12 1.0000000000e+12 0.0000000000e+00
n 669 1 1 -2.0000000000e+02 0.0000000000e+00 4.0000000000e+04 1.0000000000e+12 1.0000000000e+12 0.0000000000e+00
n 670 1 1 -2.0000000000e+02 0.0000000000e+00 4.0000000000e+04 1.0000000000e+12 1.0000000000e+12 0.0000000000e+00
n 671 1 1 -2.0000000000e+02 0.0000000000e+00 4.0000000000e+04 1.0000000000e+12 1.0000000000e+12 0.0000000000e+00
n 672 1 1 -2.0000000000e+02 0.0000000000e+00 4.0000000000e+04 1.0000000000e+12 1.0000000000e+12 0.0000000000e+00
n 673 1 1 -2.0000000000e+02 0.0000000000e+00 4.0000000000e+04 1.0000000000e+12 1.0000000000e+12 0.0000000000e+00
n 674 1 1 -2.0000000000e+02 0.0000000000e+00 4.0000000000e+04 1.0000000000e+12 1.0000000000e+12 0.0000000000e+00
n 675 1 1 -2.0000000000e+02 0.0000000000e+00 4.0000000000e+04 1.0000000000e+12 1.0000000000e+12 0.0000000000e+00
